Archive member included to satisfy reference by file (symbol)

C:/Users/hugom/OneDrive/Documents/Cours/Embedded_sys/fpga_intro/fpga_intro/sw/nios/application/fpga_intro_bsp/\libhal_bsp.a(alt_load.o)
                              C:/Users/hugom/OneDrive/Documents/Cours/Embedded_sys/fpga_intro/fpga_intro/sw/nios/application/fpga_intro_bsp//obj/HAL/src/crt0.o (alt_load)
C:/Users/hugom/OneDrive/Documents/Cours/Embedded_sys/fpga_intro/fpga_intro/sw/nios/application/fpga_intro_bsp/\libhal_bsp.a(alt_main.o)
                              C:/Users/hugom/OneDrive/Documents/Cours/Embedded_sys/fpga_intro/fpga_intro/sw/nios/application/fpga_intro_bsp//obj/HAL/src/crt0.o (alt_main)
C:/Users/hugom/OneDrive/Documents/Cours/Embedded_sys/fpga_intro/fpga_intro/sw/nios/application/fpga_intro_bsp/\libhal_bsp.a(alt_sys_init.o)
                              C:/Users/hugom/OneDrive/Documents/Cours/Embedded_sys/fpga_intro/fpga_intro/sw/nios/application/fpga_intro_bsp/\libhal_bsp.a(alt_main.o) (alt_irq_init)
C:/Users/hugom/OneDrive/Documents/Cours/Embedded_sys/fpga_intro/fpga_intro/sw/nios/application/fpga_intro_bsp/\libhal_bsp.a(altera_avalon_jtag_uart_fd.o)
                              C:/Users/hugom/OneDrive/Documents/Cours/Embedded_sys/fpga_intro/fpga_intro/sw/nios/application/fpga_intro_bsp/\libhal_bsp.a(alt_sys_init.o) (altera_avalon_jtag_uart_read_fd)
C:/Users/hugom/OneDrive/Documents/Cours/Embedded_sys/fpga_intro/fpga_intro/sw/nios/application/fpga_intro_bsp/\libhal_bsp.a(altera_avalon_jtag_uart_init.o)
                              C:/Users/hugom/OneDrive/Documents/Cours/Embedded_sys/fpga_intro/fpga_intro/sw/nios/application/fpga_intro_bsp/\libhal_bsp.a(alt_sys_init.o) (altera_avalon_jtag_uart_init)
C:/Users/hugom/OneDrive/Documents/Cours/Embedded_sys/fpga_intro/fpga_intro/sw/nios/application/fpga_intro_bsp/\libhal_bsp.a(altera_avalon_jtag_uart_ioctl.o)
                              C:/Users/hugom/OneDrive/Documents/Cours/Embedded_sys/fpga_intro/fpga_intro/sw/nios/application/fpga_intro_bsp/\libhal_bsp.a(altera_avalon_jtag_uart_fd.o) (altera_avalon_jtag_uart_ioctl)
C:/Users/hugom/OneDrive/Documents/Cours/Embedded_sys/fpga_intro/fpga_intro/sw/nios/application/fpga_intro_bsp/\libhal_bsp.a(altera_avalon_jtag_uart_read.o)
                              C:/Users/hugom/OneDrive/Documents/Cours/Embedded_sys/fpga_intro/fpga_intro/sw/nios/application/fpga_intro_bsp/\libhal_bsp.a(altera_avalon_jtag_uart_fd.o) (altera_avalon_jtag_uart_read)
C:/Users/hugom/OneDrive/Documents/Cours/Embedded_sys/fpga_intro/fpga_intro/sw/nios/application/fpga_intro_bsp/\libhal_bsp.a(altera_avalon_jtag_uart_write.o)
                              C:/Users/hugom/OneDrive/Documents/Cours/Embedded_sys/fpga_intro/fpga_intro/sw/nios/application/fpga_intro_bsp/\libhal_bsp.a(altera_avalon_jtag_uart_fd.o) (altera_avalon_jtag_uart_write)
C:/Users/hugom/OneDrive/Documents/Cours/Embedded_sys/fpga_intro/fpga_intro/sw/nios/application/fpga_intro_bsp/\libhal_bsp.a(alt_alarm_start.o)
                              C:/Users/hugom/OneDrive/Documents/Cours/Embedded_sys/fpga_intro/fpga_intro/sw/nios/application/fpga_intro_bsp/\libhal_bsp.a(altera_avalon_jtag_uart_init.o) (alt_alarm_start)
C:/Users/hugom/OneDrive/Documents/Cours/Embedded_sys/fpga_intro/fpga_intro/sw/nios/application/fpga_intro_bsp/\libhal_bsp.a(alt_close.o)
                              C:/Users/hugom/OneDrive/Documents/Cours/Embedded_sys/fpga_intro/fpga_intro/sw/nios/application/fpga_intro_bsp/\libhal_bsp.a(alt_main.o) (close)
C:/Users/hugom/OneDrive/Documents/Cours/Embedded_sys/fpga_intro/fpga_intro/sw/nios/application/fpga_intro_bsp/\libhal_bsp.a(alt_dcache_flush_all.o)
                              C:/Users/hugom/OneDrive/Documents/Cours/Embedded_sys/fpga_intro/fpga_intro/sw/nios/application/fpga_intro_bsp/\libhal_bsp.a(alt_load.o) (alt_dcache_flush_all)
C:/Users/hugom/OneDrive/Documents/Cours/Embedded_sys/fpga_intro/fpga_intro/sw/nios/application/fpga_intro_bsp/\libhal_bsp.a(alt_dev.o)
                              C:/Users/hugom/OneDrive/Documents/Cours/Embedded_sys/fpga_intro/fpga_intro/sw/nios/application/fpga_intro_bsp/\libhal_bsp.a(alt_sys_init.o) (alt_dev_list)
C:/Users/hugom/OneDrive/Documents/Cours/Embedded_sys/fpga_intro/fpga_intro/sw/nios/application/fpga_intro_bsp/\libhal_bsp.a(alt_dev_llist_insert.o)
                              C:/Users/hugom/OneDrive/Documents/Cours/Embedded_sys/fpga_intro/fpga_intro/sw/nios/application/fpga_intro_bsp/\libhal_bsp.a(alt_sys_init.o) (alt_dev_llist_insert)
C:/Users/hugom/OneDrive/Documents/Cours/Embedded_sys/fpga_intro/fpga_intro/sw/nios/application/fpga_intro_bsp/\libhal_bsp.a(alt_do_ctors.o)
                              C:/Users/hugom/OneDrive/Documents/Cours/Embedded_sys/fpga_intro/fpga_intro/sw/nios/application/fpga_intro_bsp/\libhal_bsp.a(alt_main.o) (_do_ctors)
C:/Users/hugom/OneDrive/Documents/Cours/Embedded_sys/fpga_intro/fpga_intro/sw/nios/application/fpga_intro_bsp/\libhal_bsp.a(alt_do_dtors.o)
[...]
Memory Configuration

Name             Origin             Length             Attributes
reset            0x0000000000020000 0x0000000000000020
onchip_memory2_0 0x0000000000020020 0x000000000001ffe0
*default*        0x0000000000000000 0xffffffffffffffff

Linker script and memory map

LOAD C:/Users/hugom/OneDrive/Documents/Cours/Embedded_sys/fpga_intro/fpga_intro/sw/nios/application/fpga_intro_bsp//obj/HAL/src/crt0.o
LOAD obj/default/PWM_gen.o
LOAD obj/default/hello_world.o
LOAD obj/default/lab21.o
LOAD c:/intelfpga_lite/18.1/nios2eds/bin/gnu/h-x86_64-mingw32/bin/../lib/gcc/nios2-elf/5.3.0/../../../../../H-x86_64-mingw32/nios2-elf/lib\libstdc++.a
LOAD c:/intelfpga_lite/18.1/nios2eds/bin/gnu/h-x86_64-mingw32/bin/../lib/gcc/nios2-elf/5.3.0/../../../../../H-x86_64-mingw32/nios2-elf/lib\libm.a
LOAD c:/intelfpga_lite/18.1/nios2eds/bin/gnu/h-x86_64-mingw32/bin/../lib/gcc/nios2-elf/5.3.0\libgcc.a
START GROUP
LOAD c:/intelfpga_lite/18.1/nios2eds/bin/gnu/h-x86_64-mingw32/bin/../lib/gcc/nios2-elf/5.3.0/../../../../../H-x86_64-mingw32/nios2-elf/lib\libc.a
LOAD c:/intelfpga_lite/18.1/nios2eds/bin/gnu/h-x86_64-mingw32/bin/../lib/gcc/nios2-elf/5.3.0\libgcc.a
LOAD C:/Users/hugom/OneDrive/Documents/Cours/Embedded_sys/fpga_intro/fpga_intro/sw/nios/application/fpga_intro_bsp/\libhal_bsp.a
LOAD c:/intelfpga_lite/18.1/nios2eds/bin/gnu/h-x86_64-mingw32/bin/../lib/gcc/nios2-elf/5.3.0/../../../../../H-x86_64-mingw32/nios2-elf/lib\libm.a
END GROUP
LOAD c:/intelfpga_lite/18.1/nios2eds/bin/gnu/h-x86_64-mingw32/bin/../lib/gcc/nios2-elf/5.3.0\libgcc.a
                0x0000000000020000                __alt_mem_onchip_memory2_0 = 0x20000

.entry          0x0000000000020000       0x20
 *(.entry)
 .entry         0x0000000000020000       0x20 C:/Users/hugom/OneDrive/Documents/Cours/Embedded_sys/fpga_intro/fpga_intro/sw/nios/application/fpga_intro_bsp//obj/HAL/src/crt0.o
                0x0000000000020000                __reset

.exceptions     0x0000000000020020      0x224
                0x0000000000020020                PROVIDE (__ram_exceptions_start, ABSOLUTE (.))
                0x0000000000020020                . = ALIGN (0x20)
 *(.irq)
 *(.exceptions.entry.label)
 .exceptions.entry.label
                0x0000000000020020        0x0 C:/Users/hugom/OneDrive/Documents/Cours/Embedded_sys/fpga_intro/fpga_intro/sw/nios/application/fpga_intro_bsp/\libhal_bsp.a(alt_irq_entry.o)
                0x0000000000020020                alt_irq_entry
 .exceptions.entry.label
                0x0000000000020020        0x0 C:/Users/hugom/OneDrive/Documents/Cours/Embedded_sys/fpga_intro/fpga_intro/sw/nios/application/fpga_intro_bsp/\libhal_bsp.a(alt_exception_entry.o)
                0x0000000000020020                alt_exception
 *(.exceptions.entry.user)
 *(.exceptions.entry.ecc_fatal)
 *(.exceptions.entry)
 .exceptions.entry
                0x0000000000020020       0x54 C:/Users/hugom/OneDrive/Documents/Cours/Embedded_sys/fpga_intro/fpga_intro/sw/nios/application/fpga_intro_bsp/\libhal_bsp.a(alt_exception_entry.o)
 *(.exceptions.irqtest.user)
 *(.exceptions.irqtest)
 .exceptions.irqtest
                0x0000000000020074       0x10 C:/Users/hugom/OneDrive/Documents/Cours/Embedded_sys/fpga_intro/fpga_intro/sw/nios/application/fpga_intro_bsp/\libhal_bsp.a(alt_irq_entry.o)
 *(.exceptions.irqhandler.user)
 *(.exceptions.irqhandler)
 .exceptions.irqhandler
                0x0000000000020084        0x4 C:/Users/hugom/OneDrive/Documents/Cours/Embedded_sys/fpga_intro/fpga_intro/sw/nios/application/fpga_intro_bsp/\libhal_bsp.a(alt_irq_entry.o)
 *(.exceptions.irqreturn.user)
 *(.exceptions.irqreturn)
 .exceptions.irqreturn
                0x0000000000020088        0x4 C:/Users/hugom/OneDrive/Documents/Cours/Embedded_sys/fpga_intro/fpga_intro/sw/nios/application/fpga_intro_bsp/\libhal_bsp.a(alt_irq_entry.o)
 *(.exceptions.notirq.label)
 .exceptions.notirq.label
                0x000000000002008c        0x0 C:/Users/hugom/OneDrive/Documents/Cours/Embedded_sys/fpga_intro/fpga_intro/sw/nios/application/fpga_intro_bsp/\libhal_bsp.a(alt_irq_entry.o)
 *(.exceptions.notirq.user)
 *(.exceptions.notirq)
 .exceptions.notirq
                0x000000000002008c        0x8 C:/Users/hugom/OneDrive/Documents/Cours/Embedded_sys/fpga_intro/fpga_intro/sw/nios/application/fpga_intro_bsp/\libhal_bsp.a(alt_exception_entry.o)
 *(.exceptions.soft.user)
 *(.exceptions.soft)
 *(.exceptions.unknown.user)
 *(.exceptions.unknown)
 .exceptions.unknown
                0x0000000000020094       0x14 C:/Users/hugom/OneDrive/Documents/Cours/Embedded_sys/fpga_intro/fpga_intro/sw/nios/application/fpga_intro_bsp/\libhal_bsp.a(alt_exception_entry.o)
 *(.exceptions.exit.label)
 .exceptions.exit.label
                0x00000000000200a8        0x0 C:/Users/hugom/OneDrive/Documents/Cours/Embedded_sys/fpga_intro/fpga_intro/sw/nios/application/fpga_intro_bsp/\libhal_bsp.a(alt_irq_entry.o)
 .exceptions.exit.label
                0x00000000000200a8        0x0 C:/Users/hugom/OneDrive/Documents/Cours/Embedded_sys/fpga_intro/fpga_intro/sw/nios/application/fpga_intro_bsp/\libhal_bsp.a(alt_exception_entry.o)
 *(.exceptions.exit.user)
 *(.exceptions.exit)
 .exceptions.exit
                0x00000000000200a8       0x54 C:/Users/hugom/OneDrive/Documents/Cours/Embedded_sys/fpga_intro/fpga_intro/sw/nios/application/fpga_intro_bsp/\libhal_bsp.a(alt_exception_entry.o)
 *(.exceptions)
 .exceptions    0x00000000000200fc       0xd4 C:/Users/hugom/OneDrive/Documents/Cours/Embedded_sys/fpga_intro/fpga_intro/sw/nios/application/fpga_intro_bsp/\libhal_bsp.a(alt_irq_handler.o)
                0x00000000000200fc                alt_irq_handler
 .exceptions    0x00000000000201d0       0x74 C:/Users/hugom/OneDrive/Documents/Cours/Embedded_sys/fpga_intro/fpga_intro/sw/nios/application/fpga_intro_bsp/\libhal_bsp.a(alt_instruction_exception_entry.o)
                0x00000000000201d0                alt_instruction_exception_entry
                0x0000000000020244                PROVIDE (__ram_exceptions_end, ABSOLUTE (.))
                0x0000000000020020                PROVIDE (__flash_exceptions_start, LOADADDR (.exceptions))

.text           0x0000000000020244     0x2464
                [!provide]                        PROVIDE (stext, ABSOLUTE (.))
 *(.interp)
 *(.hash)
 *(.dynsym)
 *(.dynstr)
 *(.gnu.version)
 *(.gnu.version_d)
 *(.gnu.version_r)
 *(.rel.init)
 *(.rela.init)
 *(.rel.text .rel.text.* .rel.gnu.linkonce.t.*)
 *(.rela.text .rela.text.* .rela.gnu.linkonce.t.*)
 *(.rel.fini)
 *(.rela.fini)
 *(.rel.rodata .rel.rodata.* .rel.gnu.linkonce.r.*)
 *(.rela.rodata .rela.rodata.* .rela.gnu.linkonce.r.*)
 *(.rel.data .rel.data.* .rel.gnu.linkonce.d.*)
 *(.rela.data .rela.data.* .rela.gnu.linkonce.d.*)
 *(.rel.tdata .rel.tdata.* .rel.gnu.linkonce.td.*)
 *(.rela.tdata .rela.tdata.* .rela.gnu.linkonce.td.*)
 *(.rel.tbss .rel.tbss.* .rel.gnu.linkonce.tb.*)
 *(.rela.tbss .rela.tbss.* .rela.gnu.linkonce.tb.*)
 *(.rel.ctors)
 *(.rela.ctors)
 *(.rel.dtors)
 *(.rela.dtors)
 *(.rel.got)
 *(.rela.got)
 *(.rel.sdata .rel.sdata.* .rel.gnu.linkonce.s.*)
 *(.rela.sdata .rela.sdata.* .rela.gnu.linkonce.s.*)
 *(.rel.sbss .rel.sbss.* .rel.gnu.linkonce.sb.*)
 *(.rela.sbss .rela.sbss.* .rela.gnu.linkonce.sb.*)
 *(.rel.sdata2 .rel.sdata2.* .rel.gnu.linkonce.s2.*)
 *(.rela.sdata2 .rela.sdata2.* .rela.gnu.linkonce.s2.*)
 *(.rel.sbss2 .rel.sbss2.* .rel.gnu.linkonce.sb2.*)
 *(.rela.sbss2 .rela.sbss2.* .rela.gnu.linkonce.sb2.*)
 *(.rel.bss .rel.bss.* .rel.gnu.linkonce.b.*)
 *(.rela.bss .rela.bss.* .rela.gnu.linkonce.b.*)
 *(.rel.plt)
 *(.rela.plt)
 *(.rel.dyn)
 *(.init)
 *(.plt)
 *(.text .stub .text.* .gnu.linkonce.t.*)
 .text          0x0000000000020244       0x4c C:/Users/hugom/OneDrive/Documents/Cours/Embedded_sys/fpga_intro/fpga_intro/sw/nios/application/fpga_intro_bsp//obj/HAL/src/crt0.o
                0x0000000000020244                _start
 .text          0x0000000000020290       0xb0 obj/default/PWM_gen.o
                0x0000000000020290                init
                0x0000000000020328                main
 .text          0x0000000000020340       0x94 obj/default/hello_world.o
                0x0000000000020340                init0
                0x00000000000203bc                main0
 .text          0x00000000000203d4       0x94 obj/default/lab21.o
                0x00000000000203d4                init1
                0x0000000000020450                main1
 .text          0x0000000000020468       0xec C:/Users/hugom/OneDrive/Documents/Cours/Embedded_sys/fpga_intro/fpga_intro/sw/nios/application/fpga_intro_bsp/\libhal_bsp.a(alt_load.o)
                0x00000000000204d0                alt_load
 .text          0x0000000000020554       0x7c C:/Users/hugom/OneDrive/Documents/Cours/Embedded_sys/fpga_intro/fpga_intro/sw/nios/application/fpga_intro_bsp/\libhal_bsp.a(alt_main.o)
                0x0000000000020554                alt_main
 .text          0x00000000000205d0       0xb4 C:/Users/hugom/OneDrive/Documents/Cours/Embedded_sys/fpga_intro/fpga_intro/sw/nios/application/fpga_intro_bsp/\libhal_bsp.a(alt_sys_init.o)
                0x0000000000020604                alt_irq_init
                0x000000000002063c                alt_sys_init
 .text          0x0000000000020684      0x164 C:/Users/hugom/OneDrive/Documents/Cours/Embedded_sys/fpga_intro/fpga_intro/sw/nios/application/fpga_intro_bsp/\libhal_bsp.a(altera_avalon_jtag_uart_fd.o)
                0x0000000000020684                altera_avalon_jtag_uart_read_fd
                0x00000000000206e4                altera_avalon_jtag_uart_write_fd
                0x0000000000020744                altera_avalon_jtag_uart_close_fd
                0x0000000000020794                altera_avalon_jtag_uart_ioctl_fd
 .text          0x00000000000207e8      0x3d4 C:/Users/hugom/OneDrive/Documents/Cours/Embedded_sys/fpga_intro/fpga_intro/sw/nios/application/fpga_intro_bsp/\libhal_bsp.a(altera_avalon_jtag_uart_init.o)
                0x00000000000207e8                altera_avalon_jtag_uart_init
                0x0000000000020b54                altera_avalon_jtag_uart_close
 .text          0x0000000000020bbc       0xf0 C:/Users/hugom/OneDrive/Documents/Cours/Embedded_sys/fpga_intro/fpga_intro/sw/nios/application/fpga_intro_bsp/\libhal_bsp.a(altera_avalon_jtag_uart_ioctl.o)
                0x0000000000020bbc                altera_avalon_jtag_uart_ioctl
 .text          0x0000000000020cac      0x21c C:/Users/hugom/OneDrive/Documents/Cours/Embedded_sys/fpga_intro/fpga_intro/sw/nios/application/fpga_intro_bsp/\libhal_bsp.a(altera_avalon_jtag_uart_read.o)
                0x0000000000020cac                altera_avalon_jtag_uart_read
 .text          0x0000000000020ec8      0x224 C:/Users/hugom/OneDrive/Documents/Cours/Embedded_sys/fpga_intro/fpga_intro/sw/nios/application/fpga_intro_bsp/\libhal_bsp.a(altera_avalon_jtag_uart_write.o)
                0x0000000000020ec8                altera_avalon_jtag_uart_write
 .text          0x00000000000210ec      0x12c C:/Users/hugom/OneDrive/Documents/Cours/Embedded_sys/fpga_intro/fpga_intro/sw/nios/application/fpga_intro_bsp/\libhal_bsp.a(alt_alarm_start.o)
                0x00000000000210ec                alt_alarm_start
 .text          0x0000000000021218      0x10c C:/Users/hugom/OneDrive/Documents/Cours/Embedded_sys/fpga_intro/fpga_intro/sw/nios/application/fpga_intro_bsp/\libhal_bsp.a(alt_close.o)
                0x0000000000021254                close
 .text          0x0000000000021324       0x48 C:/Users/hugom/OneDrive/Documents/Cours/Embedded_sys/fpga_intro/fpga_intro/sw/nios/application/fpga_intro_bsp/\libhal_bsp.a(alt_dcache_flush_all.o)
                0x0000000000021324                alt_dcache_flush_all
 .text          0x000000000002136c       0x2c C:/Users/hugom/OneDrive/Documents/Cours/Embedded_sys/fpga_intro/fpga_intro/sw/nios/application/fpga_intro_bsp/\libhal_bsp.a(alt_dev.o)
 .text          0x0000000000021398       0xe0 C:/Users/hugom/OneDrive/Documents/Cours/Embedded_sys/fpga_intro/fpga_intro/sw/nios/application/fpga_intro_bsp/\libhal_bsp.a(alt_dev_llist_insert.o)
                0x00000000000213d4                alt_dev_llist_insert
 .text          0x0000000000021478       0x60 C:/Users/hugom/OneDrive/Documents/Cours/Embedded_sys/fpga_intro/fpga_intro/sw/nios/application/fpga_intro_bsp/\libhal_bsp.a(alt_do_ctors.o)
                0x0000000000021478                _do_ctors
 .text          0x00000000000214d8       0x60 C:/Users/hugom/OneDrive/Documents/Cours/Embedded_sys/fpga_intro/fpga_intro/sw/nios/application/fpga_intro_bsp/\libhal_bsp.a(alt_do_dtors.o)
                0x00000000000214d8                _do_dtors
 .text          0x0000000000021538        0x0 C:/Users/hugom/OneDrive/Documents/Cours/Embedded_sys/fpga_intro/fpga_intro/sw/nios/application/fpga_intro_bsp/\libhal_bsp.a(alt_errno.o)
 .text          0x0000000000021538       0x34 C:/Users/hugom/OneDrive/Documents/Cours/Embedded_sys/fpga_intro/fpga_intro/sw/nios/application/fpga_intro_bsp/\libhal_bsp.a(alt_icache_flush_all.o)
                0x0000000000021538                alt_icache_flush_all
 .text          0x000000000002156c      0x1b0 C:/Users/hugom/OneDrive/Documents/Cours/Embedded_sys/fpga_intro/fpga_intro/sw/nios/application/fpga_intro_bsp/\libhal_bsp.a(alt_iic.o)
                0x000000000002156c                alt_ic_isr_register
                0x00000000000215bc                alt_ic_irq_enable
                0x0000000000021644                alt_ic_irq_disable
                0x00000000000216d0                alt_ic_irq_enabled
 .text          0x000000000002171c       0xf0 C:/Users/hugom/OneDrive/Documents/Cours/Embedded_sys/fpga_intro/fpga_intro/sw/nios/application/fpga_intro_bsp/\libhal_bsp.a(alt_iic_isr_register.o)
                0x000000000002171c                alt_iic_isr_register
 .text          0x000000000002180c      0x140 C:/Users/hugom/OneDrive/Documents/Cours/Embedded_sys/fpga_intro/fpga_intro/sw/nios/application/fpga_intro_bsp/\libhal_bsp.a(alt_io_redirect.o)
                0x00000000000218d0                alt_io_redirect
 .text          0x000000000002194c        0x0 C:/Users/hugom/OneDrive/Documents/Cours/Embedded_sys/fpga_intro/fpga_intro/sw/nios/application/fpga_intro_bsp/\libhal_bsp.a(alt_irq_entry.o)
 .text          0x000000000002194c        0x0 C:/Users/hugom/OneDrive/Documents/Cours/Embedded_sys/fpga_intro/fpga_intro/sw/nios/application/fpga_intro_bsp/\libhal_bsp.a(alt_irq_handler.o)
 .text          0x000000000002194c        0x0 C:/Users/hugom/OneDrive/Documents/Cours/Embedded_sys/fpga_intro/fpga_intro/sw/nios/application/fpga_intro_bsp/\libhal_bsp.a(alt_irq_vars.o)
 .text          0x000000000002194c      0x254 C:/Users/hugom/OneDrive/Documents/Cours/Embedded_sys/fpga_intro/fpga_intro/sw/nios/application/fpga_intro_bsp/\libhal_bsp.a(alt_open.o)
                0x0000000000021a4c                open
 .text          0x0000000000021ba0       0x64 C:/Users/hugom/OneDrive/Documents/Cours/Embedded_sys/fpga_intro/fpga_intro/sw/nios/application/fpga_intro_bsp/\libhal_bsp.a(alt_release_fd.o)
                0x0000000000021ba0                alt_release_fd
 .text          0x0000000000021c04      0x1a4 C:/Users/hugom/OneDrive/Documents/Cours/Embedded_sys/fpga_intro/fpga_intro/sw/nios/application/fpga_intro_bsp/\libhal_bsp.a(alt_tick.o)
                0x0000000000021c04                alt_alarm_stop
                0x0000000000021ca0                alt_tick
 .text          0x0000000000021da8       0x24 C:/Users/hugom/OneDrive/Documents/Cours/Embedded_sys/fpga_intro/fpga_intro/sw/nios/application/fpga_intro_bsp/\libhal_bsp.a(altera_nios2_gen2_irq.o)
                0x0000000000021da8                altera_nios2_gen2_irq_init
 .text          0x0000000000021dcc        0x0 C:/Users/hugom/OneDrive/Documents/Cours/Embedded_sys/fpga_intro/fpga_intro/sw/nios/application/fpga_intro_bsp/\libhal_bsp.a(alt_exception_entry.o)
 .text          0x0000000000021dcc       0x90 C:/Users/hugom/OneDrive/Documents/Cours/Embedded_sys/fpga_intro/fpga_intro/sw/nios/application/fpga_intro_bsp/\libhal_bsp.a(alt_find_dev.o)
                0x0000000000021dcc                alt_find_dev
 .text          0x0000000000021e5c      0x108 C:/Users/hugom/OneDrive/Documents/Cours/Embedded_sys/fpga_intro/fpga_intro/sw/nios/application/fpga_intro_bsp/\libhal_bsp.a(alt_find_file.o)
                0x0000000000021e5c                alt_find_file
 .text          0x0000000000021f64       0xa4 C:/Users/hugom/OneDrive/Documents/Cours/Embedded_sys/fpga_intro/fpga_intro/sw/nios/application/fpga_intro_bsp/\libhal_bsp.a(alt_get_fd.o)
                0x0000000000021f64                alt_get_fd
 .text          0x0000000000022008       0x90 C:/Users/hugom/OneDrive/Documents/Cours/Embedded_sys/fpga_intro/fpga_intro/sw/nios/application/fpga_intro_bsp/\libhal_bsp.a(alt_icache_flush.o)
                0x0000000000022008                alt_icache_flush
 .text          0x0000000000022098       0x9c C:/Users/hugom/OneDrive/Documents/Cours/Embedded_sys/fpga_intro/fpga_intro/sw/nios/application/fpga_intro_bsp/\libhal_bsp.a(alt_instruction_exception_entry.o)
                0x0000000000022098                alt_exception_cause_generated_bad_addr
 .text          0x0000000000022134        0x0 c:/intelfpga_lite/18.1/nios2eds/bin/gnu/h-x86_64-mingw32/bin/../lib/gcc/nios2-elf/5.3.0/../../../../../H-x86_64-mingw32/nios2-elf/lib\libc.a(lib_a-atexit.o)
 .text.atexit   0x0000000000022134       0x14 c:/intelfpga_lite/18.1/nios2eds/bin/gnu/h-x86_64-mingw32/bin/../lib/gcc/nios2-elf/5.3.0/../../../../../H-x86_64-mingw32/nios2-elf/lib\libc.a(lib_a-atexit.o)
                0x0000000000022134                atexit
 .text          0x0000000000022148        0x0 c:/intelfpga_lite/18.1/nios2eds/bin/gnu/h-x86_64-mingw32/bin/../lib/gcc/nios2-elf/5.3.0/../../../../../H-x86_64-mingw32/nios2-elf/lib\libc.a(lib_a-exit.o)
 .text.exit     0x0000000000022148       0x38 c:/intelfpga_lite/18.1/nios2eds/bin/gnu/h-x86_64-mingw32/bin/../lib/gcc/nios2-elf/5.3.0/../../../../../H-x86_64-mingw32/nios2-elf/lib\libc.a(lib_a-exit.o)
                0x0000000000022148                exit
 .text          0x0000000000022180        0x0 c:/intelfpga_lite/18.1/nios2eds/bin/gnu/h-x86_64-mingw32/bin/../lib/gcc/nios2-elf/5.3.0/../../../../../H-x86_64-mingw32/nios2-elf/lib\libc.a(lib_a-impure.o)
 .text          0x0000000000022180        0x0 c:/intelfpga_lite/18.1/nios2eds/bin/gnu/h-x86_64-mingw32/bin/../lib/gcc/nios2-elf/5.3.0/../../../../../H-x86_64-mingw32/nios2-elf/lib\libc.a(lib_a-int_errno.o)
 .text          0x0000000000022180        0x0 c:/intelfpga_lite/18.1/nios2eds/bin/gnu/h-x86_64-mingw32/bin/../lib/gcc/nios2-elf/5.3.0/../../../../../H-x86_64-mingw32/nios2-elf/lib\libc.a(lib_a-memcmp.o)
 .text.memcmp   0x0000000000022180       0x7c c:/intelfpga_lite/18.1/nios2eds/bin/gnu/h-x86_64-mingw32/bin/../lib/gcc/nios2-elf/5.3.0/../../../../../H-x86_64-mingw32/nios2-elf/lib\libc.a(lib_a-memcmp.o)
                0x0000000000022180                memcmp
 .text          0x00000000000221fc        0x0 c:/intelfpga_lite/18.1/nios2eds/bin/gnu/h-x86_64-mingw32/bin/../lib/gcc/nios2-elf/5.3.0/../../../../../H-x86_64-mingw32/nios2-elf/lib\libc.a(lib_a-memcpy.o)
 .text.memcpy   0x00000000000221fc      0x148 c:/intelfpga_lite/18.1/nios2eds/bin/gnu/h-x86_64-mingw32/bin/../lib/gcc/nios2-elf/5.3.0/../../../../../H-x86_64-mingw32/nios2-elf/lib\libc.a(lib_a-memcpy.o)
                0x00000000000221fc                memcpy
 .text          0x0000000000022344        0x0 c:/intelfpga_lite/18.1/nios2eds/bin/gnu/h-x86_64-mingw32/bin/../lib/gcc/nios2-elf/5.3.0/../../../../../H-x86_64-mingw32/nios2-elf/lib\libc.a(lib_a-strlen.o)
 .text.strlen   0x0000000000022344       0x98 c:/intelfpga_lite/18.1/nios2eds/bin/gnu/h-x86_64-mingw32/bin/../lib/gcc/nios2-elf/5.3.0/../../../../../H-x86_64-mingw32/nios2-elf/lib\libc.a(lib_a-strlen.o)
                0x0000000000022344                strlen
 .text          0x00000000000223dc        0x0 c:/intelfpga_lite/18.1/nios2eds/bin/gnu/h-x86_64-mingw32/bin/../lib/gcc/nios2-elf/5.3.0/../../../../../H-x86_64-mingw32/nios2-elf/lib\libc.a(lib_a-__atexit.o)
 .text.__register_exitproc
                0x00000000000223dc      0x118 c:/intelfpga_lite/18.1/nios2eds/bin/gnu/h-x86_64-mingw32/bin/../lib/gcc/nios2-elf/5.3.0/../../../../../H-x86_64-mingw32/nios2-elf/lib\libc.a(lib_a-__atexit.o)
                0x00000000000223dc                __register_exitproc
 .text          0x00000000000224f4        0x0 c:/intelfpga_lite/18.1/nios2eds/bin/gnu/h-x86_64-mingw32/bin/../lib/gcc/nios2-elf/5.3.0/../../../../../H-x86_64-mingw32/nios2-elf/lib\libc.a(lib_a-__call_atexit.o)
 .text.__call_exitprocs
                0x00000000000224f4      0x180 c:/intelfpga_lite/18.1/nios2eds/bin/gnu/h-x86_64-mingw32/bin/../lib/gcc/nios2-elf/5.3.0/../../../../../H-x86_64-mingw32/nios2-elf/lib\libc.a(lib_a-__call_atexit.o)
                0x00000000000224f4                __call_exitprocs
 .text          0x0000000000022674       0x34 C:/Users/hugom/OneDrive/Documents/Cours/Embedded_sys/fpga_intro/fpga_intro/sw/nios/application/fpga_intro_bsp/\libhal_bsp.a(alt_exit.o)
                0x0000000000022674                _exit
 *(.gnu.warning.*)
 *(.fini)
                [!provide]                        PROVIDE (__etext, ABSOLUTE (.))
                [!provide]                        PROVIDE (_etext, ABSOLUTE (.))
                [!provide]                        PROVIDE (etext, ABSOLUTE (.))
 *(.eh_frame_hdr)
                0x00000000000226a8                . = ALIGN (0x4)
                [!provide]                        PROVIDE (__preinit_array_start, ABSOLUTE (.))
 *(.preinit_array)
                [!provide]                        PROVIDE (__preinit_array_end, ABSOLUTE (.))
                [!provide]                        PROVIDE (__init_array_start, ABSOLUTE (.))
 *(.init_array)
                [!provide]                        PROVIDE (__init_array_end, ABSOLUTE (.))
                [!provide]                        PROVIDE (__fini_array_start, ABSOLUTE (.))
 *(.fini_array)
                [!provide]                        PROVIDE (__fini_array_end, ABSOLUTE (.))
 *(.eh_frame)
 *(.gcc_except_table .gcc_except_table.*)
 *(.dynamic)
                0x00000000000226a8                PROVIDE (__CTOR_LIST__, ABSOLUTE (.))
 *(.ctors)
 *(SORT(.ctors.*))
                0x00000000000226a8                PROVIDE (__CTOR_END__, ABSOLUTE (.))
                0x00000000000226a8                PROVIDE (__DTOR_LIST__, ABSOLUTE (.))
 *(.dtors)
 *(SORT(.dtors.*))
                0x00000000000226a8                PROVIDE (__DTOR_END__, ABSOLUTE (.))
 *(.jcr)
                0x00000000000226a8                . = ALIGN (0x4)

.rodata         0x00000000000226a8       0x38
                0x00000000000226a8                PROVIDE (__ram_rodata_start, ABSOLUTE (.))
                0x00000000000226a8                . = ALIGN (0x4)
 *(.rodata .rodata.* .gnu.linkonce.r.*)
 .rodata        0x00000000000226a8       0x11 C:/Users/hugom/OneDrive/Documents/Cours/Embedded_sys/fpga_intro/fpga_intro/sw/nios/application/fpga_intro_bsp/\libhal_bsp.a(alt_main.o)
 *fill*         0x00000000000226b9        0x3 
 .rodata        0x00000000000226bc       0x11 C:/Users/hugom/OneDrive/Documents/Cours/Embedded_sys/fpga_intro/fpga_intro/sw/nios/application/fpga_intro_bsp/\libhal_bsp.a(alt_sys_init.o)
 *fill*         0x00000000000226cd        0x3 
 .rodata        0x00000000000226d0        0xa C:/Users/hugom/OneDrive/Documents/Cours/Embedded_sys/fpga_intro/fpga_intro/sw/nios/application/fpga_intro_bsp/\libhal_bsp.a(alt_dev.o)
 *fill*         0x00000000000226da        0x2 
 .rodata.str1.4
                0x00000000000226dc        0x4 c:/intelfpga_lite/18.1/nios2eds/bin/gnu/h-x86_64-mingw32/bin/../lib/gcc/nios2-elf/5.3.0/../../../../../H-x86_64-mingw32/nios2-elf/lib\libc.a(lib_a-impure.o)
                                          0x2 (size before relaxing)
 *(.rodata1)
                0x00000000000226e0                . = ALIGN (0x4)
                0x00000000000226e0                PROVIDE (__ram_rodata_end, ABSOLUTE (.))
                0x00000000000226a8                PROVIDE (__flash_rodata_start, LOADADDR (.rodata))

.rwdata         0x00000000000226e0     0x1658 load address 0x0000000000023d38
                0x00000000000226e0                PROVIDE (__ram_rwdata_start, ABSOLUTE (.))
                0x00000000000226e0                . = ALIGN (0x4)
 *(.got.plt)
 *(.got)
 *(.data1)
 *(.data .data.* .gnu.linkonce.d.*)
 .data          0x00000000000226e0        0x0 C:/Users/hugom/OneDrive/Documents/Cours/Embedded_sys/fpga_intro/fpga_intro/sw/nios/application/fpga_intro_bsp//obj/HAL/src/crt0.o
 .data          0x00000000000226e0        0x0 obj/default/PWM_gen.o
 .data          0x00000000000226e0        0x0 obj/default/hello_world.o
 .data          0x00000000000226e0        0x0 obj/default/lab21.o
 .data          0x00000000000226e0        0x0 C:/Users/hugom/OneDrive/Documents/Cours/Embedded_sys/fpga_intro/fpga_intro/sw/nios/application/fpga_intro_bsp/\libhal_bsp.a(alt_load.o)
 .data          0x00000000000226e0        0x0 C:/Users/hugom/OneDrive/Documents/Cours/Embedded_sys/fpga_intro/fpga_intro/sw/nios/application/fpga_intro_bsp/\libhal_bsp.a(alt_main.o)
 .data          0x00000000000226e0     0x1060 C:/Users/hugom/OneDrive/Documents/Cours/Embedded_sys/fpga_intro/fpga_intro/sw/nios/application/fpga_intro_bsp/\libhal_bsp.a(alt_sys_init.o)
 .data          0x0000000000023740        0x0 C:/Users/hugom/OneDrive/Documents/Cours/Embedded_sys/fpga_intro/fpga_intro/sw/nios/application/fpga_intro_bsp/\libhal_bsp.a(altera_avalon_jtag_uart_fd.o)
 .data          0x0000000000023740        0x0 C:/Users/hugom/OneDrive/Documents/Cours/Embedded_sys/fpga_intro/fpga_intro/sw/nios/application/fpga_intro_bsp/\libhal_bsp.a(altera_avalon_jtag_uart_init.o)
 .data          0x0000000000023740        0x0 C:/Users/hugom/OneDrive/Documents/Cours/Embedded_sys/fpga_intro/fpga_intro/sw/nios/application/fpga_intro_bsp/\libhal_bsp.a(altera_avalon_jtag_uart_ioctl.o)
 .data          0x0000000000023740        0x0 C:/Users/hugom/OneDrive/Documents/Cours/Embedded_sys/fpga_intro/fpga_intro/sw/nios/application/fpga_intro_bsp/\libhal_bsp.a(altera_avalon_jtag_uart_read.o)
 .data          0x0000000000023740        0x0 C:/Users/hugom/OneDrive/Documents/Cours/Embedded_sys/fpga_intro/fpga_intro/sw/nios/application/fpga_intro_bsp/\libhal_bsp.a(altera_avalon_jtag_uart_write.o)
 .data          0x0000000000023740        0x0 C:/Users/hugom/OneDrive/Documents/Cours/Embedded_sys/fpga_intro/fpga_intro/sw/nios/application/fpga_intro_bsp/\libhal_bsp.a(alt_alarm_start.o)
 .data          0x0000000000023740        0x0 C:/Users/hugom/OneDrive/Documents/Cours/Embedded_sys/fpga_intro/fpga_intro/sw/nios/application/fpga_intro_bsp/\libhal_bsp.a(alt_close.o)
 .data          0x0000000000023740        0x0 C:/Users/hugom/OneDrive/Documents/Cours/Embedded_sys/fpga_intro/fpga_intro/sw/nios/application/fpga_intro_bsp/\libhal_bsp.a(alt_dcache_flush_all.o)
 .data          0x0000000000023740      0x1a8 C:/Users/hugom/OneDrive/Documents/Cours/Embedded_sys/fpga_intro/fpga_intro/sw/nios/application/fpga_intro_bsp/\libhal_bsp.a(alt_dev.o)
                0x0000000000023740                alt_dev_null
                0x0000000000023768                alt_fd_list
 .data          0x00000000000238e8        0x0 C:/Users/hugom/OneDrive/Documents/Cours/Embedded_sys/fpga_intro/fpga_intro/sw/nios/application/fpga_intro_bsp/\libhal_bsp.a(alt_dev_llist_insert.o)
 .data          0x00000000000238e8        0x0 C:/Users/hugom/OneDrive/Documents/Cours/Embedded_sys/fpga_intro/fpga_intro/sw/nios/application/fpga_intro_bsp/\libhal_bsp.a(alt_do_ctors.o)
 .data          0x00000000000238e8        0x0 C:/Users/hugom/OneDrive/Documents/Cours/Embedded_sys/fpga_intro/fpga_intro/sw/nios/application/fpga_intro_bsp/\libhal_bsp.a(alt_do_dtors.o)
 .data          0x00000000000238e8        0x0 C:/Users/hugom/OneDrive/Documents/Cours/Embedded_sys/fpga_intro/fpga_intro/sw/nios/application/fpga_intro_bsp/\libhal_bsp.a(alt_errno.o)
 .data          0x00000000000238e8        0x0 C:/Users/hugom/OneDrive/Documents/Cours/Embedded_sys/fpga_intro/fpga_intro/sw/nios/application/fpga_intro_bsp/\libhal_bsp.a(alt_icache_flush_all.o)
 .data          0x00000000000238e8        0x0 C:/Users/hugom/OneDrive/Documents/Cours/Embedded_sys/fpga_intro/fpga_intro/sw/nios/application/fpga_intro_bsp/\libhal_bsp.a(alt_iic.o)
 .data          0x00000000000238e8        0x0 C:/Users/hugom/OneDrive/Documents/Cours/Embedded_sys/fpga_intro/fpga_intro/sw/nios/application/fpga_intro_bsp/\libhal_bsp.a(alt_iic_isr_register.o)
 .data          0x00000000000238e8        0x0 C:/Users/hugom/OneDrive/Documents/Cours/Embedded_sys/fpga_intro/fpga_intro/sw/nios/application/fpga_intro_bsp/\libhal_bsp.a(alt_io_redirect.o)
 .data          0x00000000000238e8        0x0 C:/Users/hugom/OneDrive/Documents/Cours/Embedded_sys/fpga_intro/fpga_intro/sw/nios/application/fpga_intro_bsp/\libhal_bsp.a(alt_irq_entry.o)
 .data          0x00000000000238e8        0x0 C:/Users/hugom/OneDrive/Documents/Cours/Embedded_sys/fpga_intro/fpga_intro/sw/nios/application/fpga_intro_bsp/\libhal_bsp.a(alt_irq_handler.o)
 .data          0x00000000000238e8        0x0 C:/Users/hugom/OneDrive/Documents/Cours/Embedded_sys/fpga_intro/fpga_intro/sw/nios/application/fpga_intro_bsp/\libhal_bsp.a(alt_irq_vars.o)
 .data          0x00000000000238e8        0x0 C:/Users/hugom/OneDrive/Documents/Cours/Embedded_sys/fpga_intro/fpga_intro/sw/nios/application/fpga_intro_bsp/\libhal_bsp.a(alt_open.o)
 .data          0x00000000000238e8        0x0 C:/Users/hugom/OneDrive/Documents/Cours/Embedded_sys/fpga_intro/fpga_intro/sw/nios/application/fpga_intro_bsp/\libhal_bsp.a(alt_release_fd.o)
 .data          0x00000000000238e8        0x0 C:/Users/hugom/OneDrive/Documents/Cours/Embedded_sys/fpga_intro/fpga_intro/sw/nios/application/fpga_intro_bsp/\libhal_bsp.a(alt_tick.o)
 .data          0x00000000000238e8        0x0 C:/Users/hugom/OneDrive/Documents/Cours/Embedded_sys/fpga_intro/fpga_intro/sw/nios/application/fpga_intro_bsp/\libhal_bsp.a(altera_nios2_gen2_irq.o)
 .data          0x00000000000238e8        0x0 C:/Users/hugom/OneDrive/Documents/Cours/Embedded_sys/fpga_intro/fpga_intro/sw/nios/application/fpga_intro_bsp/\libhal_bsp.a(alt_exception_entry.o)
 .data          0x00000000000238e8        0x0 C:/Users/hugom/OneDrive/Documents/Cours/Embedded_sys/fpga_intro/fpga_intro/sw/nios/application/fpga_intro_bsp/\libhal_bsp.a(alt_find_dev.o)
 .data          0x00000000000238e8        0x0 C:/Users/hugom/OneDrive/Documents/Cours/Embedded_sys/fpga_intro/fpga_intro/sw/nios/application/fpga_intro_bsp/\libhal_bsp.a(alt_find_file.o)
 .data          0x00000000000238e8        0x0 C:/Users/hugom/OneDrive/Documents/Cours/Embedded_sys/fpga_intro/fpga_intro/sw/nios/application/fpga_intro_bsp/\libhal_bsp.a(alt_get_fd.o)
 .data          0x00000000000238e8        0x0 C:/Users/hugom/OneDrive/Documents/Cours/Embedded_sys/fpga_intro/fpga_intro/sw/nios/application/fpga_intro_bsp/\libhal_bsp.a(alt_icache_flush.o)
 .data          0x00000000000238e8        0x0 C:/Users/hugom/OneDrive/Documents/Cours/Embedded_sys/fpga_intro/fpga_intro/sw/nios/application/fpga_intro_bsp/\libhal_bsp.a(alt_instruction_exception_entry.o)
 .data          0x00000000000238e8        0x0 c:/intelfpga_lite/18.1/nios2eds/bin/gnu/h-x86_64-mingw32/bin/../lib/gcc/nios2-elf/5.3.0/../../../../../H-x86_64-mingw32/nios2-elf/lib\libc.a(lib_a-atexit.o)
 .data          0x00000000000238e8        0x0 c:/intelfpga_lite/18.1/nios2eds/bin/gnu/h-x86_64-mingw32/bin/../lib/gcc/nios2-elf/5.3.0/../../../../../H-x86_64-mingw32/nios2-elf/lib\libc.a(lib_a-exit.o)
 .data          0x00000000000238e8        0x0 c:/intelfpga_lite/18.1/nios2eds/bin/gnu/h-x86_64-mingw32/bin/../lib/gcc/nios2-elf/5.3.0/../../../../../H-x86_64-mingw32/nios2-elf/lib\libc.a(lib_a-impure.o)
 .data.impure_data
                0x00000000000238e8      0x424 c:/intelfpga_lite/18.1/nios2eds/bin/gnu/h-x86_64-mingw32/bin/../lib/gcc/nios2-elf/5.3.0/../../../../../H-x86_64-mingw32/nios2-elf/lib\libc.a(lib_a-impure.o)
 .data          0x0000000000023d0c        0x0 c:/intelfpga_lite/18.1/nios2eds/bin/gnu/h-x86_64-mingw32/bin/../lib/gcc/nios2-elf/5.3.0/../../../../../H-x86_64-mingw32/nios2-elf/lib\libc.a(lib_a-int_errno.o)
 .data          0x0000000000023d0c        0x0 c:/intelfpga_lite/18.1/nios2eds/bin/gnu/h-x86_64-mingw32/bin/../lib/gcc/nios2-elf/5.3.0/../../../../../H-x86_64-mingw32/nios2-elf/lib\libc.a(lib_a-memcmp.o)
 .data          0x0000000000023d0c        0x0 c:/intelfpga_lite/18.1/nios2eds/bin/gnu/h-x86_64-mingw32/bin/../lib/gcc/nios2-elf/5.3.0/../../../../../H-x86_64-mingw32/nios2-elf/lib\libc.a(lib_a-memcpy.o)
 .data          0x0000000000023d0c        0x0 c:/intelfpga_lite/18.1/nios2eds/bin/gnu/h-x86_64-mingw32/bin/../lib/gcc/nios2-elf/5.3.0/../../../../../H-x86_64-mingw32/nios2-elf/lib\libc.a(lib_a-strlen.o)
 .data          0x0000000000023d0c        0x0 c:/intelfpga_lite/18.1/nios2eds/bin/gnu/h-x86_64-mingw32/bin/../lib/gcc/nios2-elf/5.3.0/../../../../../H-x86_64-mingw32/nios2-elf/lib\libc.a(lib_a-__atexit.o)
 .data          0x0000000000023d0c        0x0 c:/intelfpga_lite/18.1/nios2eds/bin/gnu/h-x86_64-mingw32/bin/../lib/gcc/nios2-elf/5.3.0/../../../../../H-x86_64-mingw32/nios2-elf/lib\libc.a(lib_a-__call_atexit.o)
 .data          0x0000000000023d0c        0x0 C:/Users/hugom/OneDrive/Documents/Cours/Embedded_sys/fpga_intro/fpga_intro/sw/nios/application/fpga_intro_bsp/\libhal_bsp.a(alt_exit.o)
                0x000000000002bd0c                _gp = ABSOLUTE ((. + 0x8000))
                [!provide]                        PROVIDE (gp, _gp)
 *(.rwdata .rwdata.*)
 *(.sdata .sdata.* .gnu.linkonce.s.*)
 .sdata         0x0000000000023d0c       0x14 C:/Users/hugom/OneDrive/Documents/Cours/Embedded_sys/fpga_intro/fpga_intro/sw/nios/application/fpga_intro_bsp/\libhal_bsp.a(alt_dev.o)
                0x0000000000023d0c                alt_fs_list
                0x0000000000023d14                alt_dev_list
                0x0000000000023d1c                alt_max_fd
 .sdata         0x0000000000023d20        0x4 C:/Users/hugom/OneDrive/Documents/Cours/Embedded_sys/fpga_intro/fpga_intro/sw/nios/application/fpga_intro_bsp/\libhal_bsp.a(alt_errno.o)
                0x0000000000023d20                alt_errno
 .sdata         0x0000000000023d24        0x4 C:/Users/hugom/OneDrive/Documents/Cours/Embedded_sys/fpga_intro/fpga_intro/sw/nios/application/fpga_intro_bsp/\libhal_bsp.a(alt_irq_vars.o)
                0x0000000000023d24                alt_priority_mask
 .sdata         0x0000000000023d28        0x8 C:/Users/hugom/OneDrive/Documents/Cours/Embedded_sys/fpga_intro/fpga_intro/sw/nios/application/fpga_intro_bsp/\libhal_bsp.a(alt_tick.o)
                0x0000000000023d28                alt_alarm_list
 .sdata._global_impure_ptr
                0x0000000000023d30        0x4 c:/intelfpga_lite/18.1/nios2eds/bin/gnu/h-x86_64-mingw32/bin/../lib/gcc/nios2-elf/5.3.0/../../../../../H-x86_64-mingw32/nios2-elf/lib\libc.a(lib_a-impure.o)
                0x0000000000023d30                _global_impure_ptr
 .sdata._impure_ptr
                0x0000000000023d34        0x4 c:/intelfpga_lite/18.1/nios2eds/bin/gnu/h-x86_64-mingw32/bin/../lib/gcc/nios2-elf/5.3.0/../../../../../H-x86_64-mingw32/nios2-elf/lib\libc.a(lib_a-impure.o)
                0x0000000000023d34                _impure_ptr
 *(.sdata2 .sdata2.* .gnu.linkonce.s2.*)
                0x0000000000023d38                . = ALIGN (0x4)
                0x0000000000023d38                _edata = ABSOLUTE (.)
                [!provide]                        PROVIDE (edata, ABSOLUTE (.))
                0x0000000000023d38                PROVIDE (__ram_rwdata_end, ABSOLUTE (.))
                0x0000000000023d38                PROVIDE (__flash_rwdata_start, LOADADDR (.rwdata))

.bss            0x0000000000025390      0x120
                0x0000000000025390                __bss_start = ABSOLUTE (.)
                [!provide]                        PROVIDE (__sbss_start, ABSOLUTE (.))
                [!provide]                        PROVIDE (___sbss_start, ABSOLUTE (.))
 *(.dynsbss)
 *(.sbss .sbss.* .gnu.linkonce.sb.*)
 .sbss          0x0000000000025390        0xc C:/Users/hugom/OneDrive/Documents/Cours/Embedded_sys/fpga_intro/fpga_intro/sw/nios/application/fpga_intro_bsp/\libhal_bsp.a(alt_main.o)
                0x0000000000025390                alt_argc
                0x0000000000025394                alt_argv
                0x0000000000025398                alt_envp
 .sbss          0x000000000002539c        0x4 C:/Users/hugom/OneDrive/Documents/Cours/Embedded_sys/fpga_intro/fpga_intro/sw/nios/application/fpga_intro_bsp/\libhal_bsp.a(alt_irq_vars.o)
                0x000000000002539c                alt_irq_active
 .sbss          0x00000000000253a0        0x8 C:/Users/hugom/OneDrive/Documents/Cours/Embedded_sys/fpga_intro/fpga_intro/sw/nios/application/fpga_intro_bsp/\libhal_bsp.a(alt_tick.o)
                0x00000000000253a0                _alt_tick_rate
                0x00000000000253a4                _alt_nticks
 .sbss          0x00000000000253a8        0x4 C:/Users/hugom/OneDrive/Documents/Cours/Embedded_sys/fpga_intro/fpga_intro/sw/nios/application/fpga_intro_bsp/\libhal_bsp.a(alt_instruction_exception_entry.o)
                0x00000000000253a8                alt_instruction_exception_handler
 .sbss          0x00000000000253ac        0x4 c:/intelfpga_lite/18.1/nios2eds/bin/gnu/h-x86_64-mingw32/bin/../lib/gcc/nios2-elf/5.3.0/../../../../../H-x86_64-mingw32/nios2-elf/lib\libc.a(lib_a-int_errno.o)
                0x00000000000253ac                errno
 *(.sbss2 .sbss2.* .gnu.linkonce.sb2.*)
 *(.scommon)
                [!provide]                        PROVIDE (__sbss_end, ABSOLUTE (.))
                [!provide]                        PROVIDE (___sbss_end, ABSOLUTE (.))
 *(.dynbss)
 *(.bss .bss.* .gnu.linkonce.b.*)
 .bss           0x00000000000253b0        0x0 C:/Users/hugom/OneDrive/Documents/Cours/Embedded_sys/fpga_intro/fpga_intro/sw/nios/application/fpga_intro_bsp//obj/HAL/src/crt0.o
 .bss           0x00000000000253b0        0x0 obj/default/PWM_gen.o
 .bss           0x00000000000253b0        0x0 obj/default/hello_world.o
 .bss           0x00000000000253b0        0x0 obj/default/lab21.o
 .bss           0x00000000000253b0        0x0 C:/Users/hugom/OneDrive/Documents/Cours/Embedded_sys/fpga_intro/fpga_intro/sw/nios/application/fpga_intro_bsp/\libhal_bsp.a(alt_load.o)
 .bss           0x00000000000253b0        0x0 C:/Users/hugom/OneDrive/Documents/Cours/Embedded_sys/fpga_intro/fpga_intro/sw/nios/application/fpga_intro_bsp/\libhal_bsp.a(alt_main.o)
 .bss           0x00000000000253b0        0x0 C:/Users/hugom/OneDrive/Documents/Cours/Embedded_sys/fpga_intro/fpga_intro/sw/nios/application/fpga_intro_bsp/\libhal_bsp.a(alt_sys_init.o)
 .bss           0x00000000000253b0        0x0 C:/Users/hugom/OneDrive/Documents/Cours/Embedded_sys/fpga_intro/fpga_intro/sw/nios/application/fpga_intro_bsp/\libhal_bsp.a(altera_avalon_jtag_uart_fd.o)
 .bss           0x00000000000253b0        0x0 C:/Users/hugom/OneDrive/Documents/Cours/Embedded_sys/fpga_intro/fpga_intro/sw/nios/application/fpga_intro_bsp/\libhal_bsp.a(altera_avalon_jtag_uart_init.o)
 .bss           0x00000000000253b0        0x0 C:/Users/hugom/OneDrive/Documents/Cours/Embedded_sys/fpga_intro/fpga_intro/sw/nios/application/fpga_intro_bsp/\libhal_bsp.a(altera_avalon_jtag_uart_ioctl.o)
 .bss           0x00000000000253b0        0x0 C:/Users/hugom/OneDrive/Documents/Cours/Embedded_sys/fpga_intro/fpga_intro/sw/nios/application/fpga_intro_bsp/\libhal_bsp.a(altera_avalon_jtag_uart_read.o)
 .bss           0x00000000000253b0        0x0 C:/Users/hugom/OneDrive/Documents/Cours/Embedded_sys/fpga_intro/fpga_intro/sw/nios/application/fpga_intro_bsp/\libhal_bsp.a(altera_avalon_jtag_uart_write.o)
 .bss           0x00000000000253b0        0x0 C:/Users/hugom/OneDrive/Documents/Cours/Embedded_sys/fpga_intro/fpga_intro/sw/nios/application/fpga_intro_bsp/\libhal_bsp.a(alt_alarm_start.o)
 .bss           0x00000000000253b0        0x0 C:/Users/hugom/OneDrive/Documents/Cours/Embedded_sys/fpga_intro/fpga_intro/sw/nios/application/fpga_intro_bsp/\libhal_bsp.a(alt_close.o)
 .bss           0x00000000000253b0        0x0 C:/Users/hugom/OneDrive/Documents/Cours/Embedded_sys/fpga_intro/fpga_intro/sw/nios/application/fpga_intro_bsp/\libhal_bsp.a(alt_dcache_flush_all.o)
 .bss           0x00000000000253b0        0x0 C:/Users/hugom/OneDrive/Documents/Cours/Embedded_sys/fpga_intro/fpga_intro/sw/nios/application/fpga_intro_bsp/\libhal_bsp.a(alt_dev.o)
 .bss           0x00000000000253b0        0x0 C:/Users/hugom/OneDrive/Documents/Cours/Embedded_sys/fpga_intro/fpga_intro/sw/nios/application/fpga_intro_bsp/\libhal_bsp.a(alt_dev_llist_insert.o)
 .bss           0x00000000000253b0        0x0 C:/Users/hugom/OneDrive/Documents/Cours/Embedded_sys/fpga_intro/fpga_intro/sw/nios/application/fpga_intro_bsp/\libhal_bsp.a(alt_do_ctors.o)
 .bss           0x00000000000253b0        0x0 C:/Users/hugom/OneDrive/Documents/Cours/Embedded_sys/fpga_intro/fpga_intro/sw/nios/application/fpga_intro_bsp/\libhal_bsp.a(alt_do_dtors.o)
 .bss           0x00000000000253b0        0x0 C:/Users/hugom/OneDrive/Documents/Cours/Embedded_sys/fpga_intro/fpga_intro/sw/nios/application/fpga_intro_bsp/\libhal_bsp.a(alt_errno.o)
 .bss           0x00000000000253b0        0x0 C:/Users/hugom/OneDrive/Documents/Cours/Embedded_sys/fpga_intro/fpga_intro/sw/nios/application/fpga_intro_bsp/\libhal_bsp.a(alt_icache_flush_all.o)
 .bss           0x00000000000253b0        0x0 C:/Users/hugom/OneDrive/Documents/Cours/Embedded_sys/fpga_intro/fpga_intro/sw/nios/application/fpga_intro_bsp/\libhal_bsp.a(alt_iic.o)
 .bss           0x00000000000253b0        0x0 C:/Users/hugom/OneDrive/Documents/Cours/Embedded_sys/fpga_intro/fpga_intro/sw/nios/application/fpga_intro_bsp/\libhal_bsp.a(alt_iic_isr_register.o)
 .bss           0x00000000000253b0        0x0 C:/Users/hugom/OneDrive/Documents/Cours/Embedded_sys/fpga_intro/fpga_intro/sw/nios/application/fpga_intro_bsp/\libhal_bsp.a(alt_io_redirect.o)
 .bss           0x00000000000253b0        0x0 C:/Users/hugom/OneDrive/Documents/Cours/Embedded_sys/fpga_intro/fpga_intro/sw/nios/application/fpga_intro_bsp/\libhal_bsp.a(alt_irq_entry.o)
 .bss           0x00000000000253b0        0x0 C:/Users/hugom/OneDrive/Documents/Cours/Embedded_sys/fpga_intro/fpga_intro/sw/nios/application/fpga_intro_bsp/\libhal_bsp.a(alt_irq_handler.o)
 .bss           0x00000000000253b0        0x0 C:/Users/hugom/OneDrive/Documents/Cours/Embedded_sys/fpga_intro/fpga_intro/sw/nios/application/fpga_intro_bsp/\libhal_bsp.a(alt_irq_vars.o)
 .bss           0x00000000000253b0        0x0 C:/Users/hugom/OneDrive/Documents/Cours/Embedded_sys/fpga_intro/fpga_intro/sw/nios/application/fpga_intro_bsp/\libhal_bsp.a(alt_open.o)
 .bss           0x00000000000253b0        0x0 C:/Users/hugom/OneDrive/Documents/Cours/Embedded_sys/fpga_intro/fpga_intro/sw/nios/application/fpga_intro_bsp/\libhal_bsp.a(alt_release_fd.o)
 .bss           0x00000000000253b0        0x0 C:/Users/hugom/OneDrive/Documents/Cours/Embedded_sys/fpga_intro/fpga_intro/sw/nios/application/fpga_intro_bsp/\libhal_bsp.a(alt_tick.o)
 .bss           0x00000000000253b0        0x0 C:/Users/hugom/OneDrive/Documents/Cours/Embedded_sys/fpga_intro/fpga_intro/sw/nios/application/fpga_intro_bsp/\libhal_bsp.a(altera_nios2_gen2_irq.o)
 .bss           0x00000000000253b0        0x0 C:/Users/hugom/OneDrive/Documents/Cours/Embedded_sys/fpga_intro/fpga_intro/sw/nios/application/fpga_intro_bsp/\libhal_bsp.a(alt_exception_entry.o)
 .bss           0x00000000000253b0        0x0 C:/Users/hugom/OneDrive/Documents/Cours/Embedded_sys/fpga_intro/fpga_intro/sw/nios/application/fpga_intro_bsp/\libhal_bsp.a(alt_find_dev.o)
 .bss           0x00000000000253b0        0x0 C:/Users/hugom/OneDrive/Documents/Cours/Embedded_sys/fpga_intro/fpga_intro/sw/nios/application/fpga_intro_bsp/\libhal_bsp.a(alt_find_file.o)
 .bss           0x00000000000253b0        0x0 C:/Users/hugom/OneDrive/Documents/Cours/Embedded_sys/fpga_intro/fpga_intro/sw/nios/application/fpga_intro_bsp/\libhal_bsp.a(alt_get_fd.o)
 .bss           0x00000000000253b0        0x0 C:/Users/hugom/OneDrive/Documents/Cours/Embedded_sys/fpga_intro/fpga_intro/sw/nios/application/fpga_intro_bsp/\libhal_bsp.a(alt_icache_flush.o)
 .bss           0x00000000000253b0        0x0 C:/Users/hugom/OneDrive/Documents/Cours/Embedded_sys/fpga_intro/fpga_intro/sw/nios/application/fpga_intro_bsp/\libhal_bsp.a(alt_instruction_exception_entry.o)
 .bss           0x00000000000253b0        0x0 c:/intelfpga_lite/18.1/nios2eds/bin/gnu/h-x86_64-mingw32/bin/../lib/gcc/nios2-elf/5.3.0/../../../../../H-x86_64-mingw32/nios2-elf/lib\libc.a(lib_a-atexit.o)
 .bss           0x00000000000253b0        0x0 c:/intelfpga_lite/18.1/nios2eds/bin/gnu/h-x86_64-mingw32/bin/../lib/gcc/nios2-elf/5.3.0/../../../../../H-x86_64-mingw32/nios2-elf/lib\libc.a(lib_a-exit.o)
 .bss           0x00000000000253b0        0x0 c:/intelfpga_lite/18.1/nios2eds/bin/gnu/h-x86_64-mingw32/bin/../lib/gcc/nios2-elf/5.3.0/../../../../../H-x86_64-mingw32/nios2-elf/lib\libc.a(lib_a-impure.o)
 .bss           0x00000000000253b0        0x0 c:/intelfpga_lite/18.1/nios2eds/bin/gnu/h-x86_64-mingw32/bin/../lib/gcc/nios2-elf/5.3.0/../../../../../H-x86_64-mingw32/nios2-elf/lib\libc.a(lib_a-int_errno.o)
 .bss           0x00000000000253b0        0x0 c:/intelfpga_lite/18.1/nios2eds/bin/gnu/h-x86_64-mingw32/bin/../lib/gcc/nios2-elf/5.3.0/../../../../../H-x86_64-mingw32/nios2-elf/lib\libc.a(lib_a-memcmp.o)
 .bss           0x00000000000253b0        0x0 c:/intelfpga_lite/18.1/nios2eds/bin/gnu/h-x86_64-mingw32/bin/../lib/gcc/nios2-elf/5.3.0/../../../../../H-x86_64-mingw32/nios2-elf/lib\libc.a(lib_a-memcpy.o)
 .bss           0x00000000000253b0        0x0 c:/intelfpga_lite/18.1/nios2eds/bin/gnu/h-x86_64-mingw32/bin/../lib/gcc/nios2-elf/5.3.0/../../../../../H-x86_64-mingw32/nios2-elf/lib\libc.a(lib_a-strlen.o)
 .bss           0x00000000000253b0        0x0 c:/intelfpga_lite/18.1/nios2eds/bin/gnu/h-x86_64-mingw32/bin/../lib/gcc/nios2-elf/5.3.0/../../../../../H-x86_64-mingw32/nios2-elf/lib\libc.a(lib_a-__atexit.o)
 .bss           0x00000000000253b0        0x0 c:/intelfpga_lite/18.1/nios2eds/bin/gnu/h-x86_64-mingw32/bin/../lib/gcc/nios2-elf/5.3.0/../../../../../H-x86_64-mingw32/nios2-elf/lib\libc.a(lib_a-__call_atexit.o)
 .bss           0x00000000000253b0        0x0 C:/Users/hugom/OneDrive/Documents/Cours/Embedded_sys/fpga_intro/fpga_intro/sw/nios/application/fpga_intro_bsp/\libhal_bsp.a(alt_exit.o)
 *(COMMON)
 COMMON         0x00000000000253b0      0x100 C:/Users/hugom/OneDrive/Documents/Cours/Embedded_sys/fpga_intro/fpga_intro/sw/nios/application/fpga_intro_bsp/\libhal_bsp.a(alt_irq_handler.o)
                0x00000000000253b0                alt_irq
                0x00000000000254b0                . = ALIGN (0x4)
                0x00000000000254b0                __bss_end = ABSOLUTE (.)

.onchip_memory2_0
                0x00000000000254b0        0x0
                [!provide]                        PROVIDE (_alt_partition_onchip_memory2_0_start, ABSOLUTE (.))
 *(.onchip_memory2_0 .onchip_memory2_0. onchip_memory2_0.*)
                0x00000000000254b0                . = ALIGN (0x4)
                [!provide]                        PROVIDE (_alt_partition_onchip_memory2_0_end, ABSOLUTE (.))
                0x00000000000254b0                _end = ABSOLUTE (.)
                0x00000000000254b0                end = ABSOLUTE (.)
                0x00000000000254b0                __alt_stack_base = ABSOLUTE (.)
                [!provide]                        PROVIDE (_alt_partition_onchip_memory2_0_load_addr, LOADADDR (.onchip_memory2_0))

.stab
 *(.stab)

.stabstr
 *(.stabstr)

.stab.excl
 *(.stab.excl)

.stab.exclstr
 *(.stab.exclstr)

.stab.index
 *(.stab.index)

.stab.indexstr
 *(.stab.indexstr)

.comment        0x0000000000000000       0x23
 *(.comment)
 .comment       0x0000000000000000       0x23 obj/default/PWM_gen.o
                                         0x24 (size before relaxing)
 .comment       0x0000000000000023       0x24 obj/default/hello_world.o
 .comment       0x0000000000000023       0x24 obj/default/lab21.o
 .comment       0x0000000000000023       0x24 C:/Users/hugom/OneDrive/Documents/Cours/Embedded_sys/fpga_intro/fpga_intro/sw/nios/application/fpga_intro_bsp/\libhal_bsp.a(alt_load.o)
 .comment       0x0000000000000023       0x24 C:/Users/hugom/OneDrive/Documents/Cours/Embedded_sys/fpga_intro/fpga_intro/sw/nios/application/fpga_intro_bsp/\libhal_bsp.a(alt_main.o)
 .comment       0x0000000000000023       0x24 C:/Users/hugom/OneDrive/Documents/Cours/Embedded_sys/fpga_intro/fpga_intro/sw/nios/application/fpga_intro_bsp/\libhal_bsp.a(alt_sys_init.o)
 .comment       0x0000000000000023       0x24 C:/Users/hugom/OneDrive/Documents/Cours/Embedded_sys/fpga_intro/fpga_intro/sw/nios/application/fpga_intro_bsp/\libhal_bsp.a(altera_avalon_jtag_uart_fd.o)
 .comment       0x0000000000000023       0x24 C:/Users/hugom/OneDrive/Documents/Cours/Embedded_sys/fpga_intro/fpga_intro/sw/nios/application/fpga_intro_bsp/\libhal_bsp.a(altera_avalon_jtag_uart_init.o)
 .comment       0x0000000000000023       0x24 C:/Users/hugom/OneDrive/Documents/Cours/Embedded_sys/fpga_intro/fpga_intro/sw/nios/application/fpga_intro_bsp/\libhal_bsp.a(altera_avalon_jtag_uart_ioctl.o)
 .comment       0x0000000000000023       0x24 C:/Users/hugom/OneDrive/Documents/Cours/Embedded_sys/fpga_intro/fpga_intro/sw/nios/application/fpga_intro_bsp/\libhal_bsp.a(altera_avalon_jtag_uart_read.o)
 .comment       0x0000000000000023       0x24 C:/Users/hugom/OneDrive/Documents/Cours/Embedded_sys/fpga_intro/fpga_intro/sw/nios/application/fpga_intro_bsp/\libhal_bsp.a(altera_avalon_jtag_uart_write.o)
 .comment       0x0000000000000023       0x24 C:/Users/hugom/OneDrive/Documents/Cours/Embedded_sys/fpga_intro/fpga_intro/sw/nios/application/fpga_intro_bsp/\libhal_bsp.a(alt_alarm_start.o)
 .comment       0x0000000000000023       0x24 C:/Users/hugom/OneDrive/Documents/Cours/Embedded_sys/fpga_intro/fpga_intro/sw/nios/application/fpga_intro_bsp/\libhal_bsp.a(alt_close.o)
 .comment       0x0000000000000023       0x24 C:/Users/hugom/OneDrive/Documents/Cours/Embedded_sys/fpga_intro/fpga_intro/sw/nios/application/fpga_intro_bsp/\libhal_bsp.a(alt_dcache_flush_all.o)
 .comment       0x0000000000000023       0x24 C:/Users/hugom/OneDrive/Documents/Cours/Embedded_sys/fpga_intro/fpga_intro/sw/nios/application/fpga_intro_bsp/\libhal_bsp.a(alt_dev.o)
 .comment       0x0000000000000023       0x24 C:/Users/hugom/OneDrive/Documents/Cours/Embedded_sys/fpga_intro/fpga_intro/sw/nios/application/fpga_intro_bsp/\libhal_bsp.a(alt_dev_llist_insert.o)
 .comment       0x0000000000000023       0x24 C:/Users/hugom/OneDrive/Documents/Cours/Embedded_sys/fpga_intro/fpga_intro/sw/nios/application/fpga_intro_bsp/\libhal_bsp.a(alt_do_ctors.o)
 .comment       0x0000000000000023       0x24 C:/Users/hugom/OneDrive/Documents/Cours/Embedded_sys/fpga_intro/fpga_intro/sw/nios/application/fpga_intro_bsp/\libhal_bsp.a(alt_do_dtors.o)
 .comment       0x0000000000000023       0x24 C:/Users/hugom/OneDrive/Documents/Cours/Embedded_sys/fpga_intro/fpga_intro/sw/nios/application/fpga_intro_bsp/\libhal_bsp.a(alt_errno.o)
 .comment       0x0000000000000023       0x24 C:/Users/hugom/OneDrive/Documents/Cours/Embedded_sys/fpga_intro/fpga_intro/sw/nios/application/fpga_intro_bsp/\libhal_bsp.a(alt_icache_flush_all.o)
 .comment       0x0000000000000023       0x24 C:/Users/hugom/OneDrive/Documents/Cours/Embedded_sys/fpga_intro/fpga_intro/sw/nios/application/fpga_intro_bsp/\libhal_bsp.a(alt_iic.o)
 .comment       0x0000000000000023       0x24 C:/Users/hugom/OneDrive/Documents/Cours/Embedded_sys/fpga_intro/fpga_intro/sw/nios/application/fpga_intro_bsp/\libhal_bsp.a(alt_iic_isr_register.o)
 .comment       0x0000000000000023       0x24 C:/Users/hugom/OneDrive/Documents/Cours/Embedded_sys/fpga_intro/fpga_intro/sw/nios/application/fpga_intro_bsp/\libhal_bsp.a(alt_io_redirect.o)
 .comment       0x0000000000000023       0x24 C:/Users/hugom/OneDrive/Documents/Cours/Embedded_sys/fpga_intro/fpga_intro/sw/nios/application/fpga_intro_bsp/\libhal_bsp.a(alt_irq_handler.o)
 .comment       0x0000000000000023       0x24 C:/Users/hugom/OneDrive/Documents/Cours/Embedded_sys/fpga_intro/fpga_intro/sw/nios/application/fpga_intro_bsp/\libhal_bsp.a(alt_irq_vars.o)
 .comment       0x0000000000000023       0x24 C:/Users/hugom/OneDrive/Documents/Cours/Embedded_sys/fpga_intro/fpga_intro/sw/nios/application/fpga_intro_bsp/\libhal_bsp.a(alt_open.o)
 .comment       0x0000000000000023       0x24 C:/Users/hugom/OneDrive/Documents/Cours/Embedded_sys/fpga_intro/fpga_intro/sw/nios/application/fpga_intro_bsp/\libhal_bsp.a(alt_release_fd.o)
 .comment       0x0000000000000023       0x24 C:/Users/hugom/OneDrive/Documents/Cours/Embedded_sys/fpga_intro/fpga_intro/sw/nios/application/fpga_intro_bsp/\libhal_bsp.a(alt_tick.o)
 .comment       0x0000000000000023       0x24 C:/Users/hugom/OneDrive/Documents/Cours/Embedded_sys/fpga_intro/fpga_intro/sw/nios/application/fpga_intro_bsp/\libhal_bsp.a(altera_nios2_gen2_irq.o)
 .comment       0x0000000000000023       0x24 C:/Users/hugom/OneDrive/Documents/Cours/Embedded_sys/fpga_intro/fpga_intro/sw/nios/application/fpga_intro_bsp/\libhal_bsp.a(alt_find_dev.o)
 .comment       0x0000000000000023       0x24 C:/Users/hugom/OneDrive/Documents/Cours/Embedded_sys/fpga_intro/fpga_intro/sw/nios/application/fpga_intro_bsp/\libhal_bsp.a(alt_find_file.o)
 .comment       0x0000000000000023       0x24 C:/Users/hugom/OneDrive/Documents/Cours/Embedded_sys/fpga_intro/fpga_intro/sw/nios/application/fpga_intro_bsp/\libhal_bsp.a(alt_get_fd.o)
 .comment       0x0000000000000023       0x24 C:/Users/hugom/OneDrive/Documents/Cours/Embedded_sys/fpga_intro/fpga_intro/sw/nios/application/fpga_intro_bsp/\libhal_bsp.a(alt_icache_flush.o)
 .comment       0x0000000000000023       0x24 C:/Users/hugom/OneDrive/Documents/Cours/Embedded_sys/fpga_intro/fpga_intro/sw/nios/application/fpga_intro_bsp/\libhal_bsp.a(alt_instruction_exception_entry.o)
 .comment       0x0000000000000023       0x24 c:/intelfpga_lite/18.1/nios2eds/bin/gnu/h-x86_64-mingw32/bin/../lib/gcc/nios2-elf/5.3.0/../../../../../H-x86_64-mingw32/nios2-elf/lib\libc.a(lib_a-atexit.o)
 .comment       0x0000000000000023       0x24 c:/intelfpga_lite/18.1/nios2eds/bin/gnu/h-x86_64-mingw32/bin/../lib/gcc/nios2-elf/5.3.0/../../../../../H-x86_64-mingw32/nios2-elf/lib\libc.a(lib_a-exit.o)
 .comment       0x0000000000000023       0x24 c:/intelfpga_lite/18.1/nios2eds/bin/gnu/h-x86_64-mingw32/bin/../lib/gcc/nios2-elf/5.3.0/../../../../../H-x86_64-mingw32/nios2-elf/lib\libc.a(lib_a-impure.o)
 .comment       0x0000000000000023       0x24 c:/intelfpga_lite/18.1/nios2eds/bin/gnu/h-x86_64-mingw32/bin/../lib/gcc/nios2-elf/5.3.0/../../../../../H-x86_64-mingw32/nios2-elf/lib\libc.a(lib_a-int_errno.o)
 .comment       0x0000000000000023       0x24 c:/intelfpga_lite/18.1/nios2eds/bin/gnu/h-x86_64-mingw32/bin/../lib/gcc/nios2-elf/5.3.0/../../../../../H-x86_64-mingw32/nios2-elf/lib\libc.a(lib_a-memcmp.o)
 .comment       0x0000000000000023       0x24 c:/intelfpga_lite/18.1/nios2eds/bin/gnu/h-x86_64-mingw32/bin/../lib/gcc/nios2-elf/5.3.0/../../../../../H-x86_64-mingw32/nios2-elf/lib\libc.a(lib_a-memcpy.o)
 .comment       0x0000000000000023       0x24 c:/intelfpga_lite/18.1/nios2eds/bin/gnu/h-x86_64-mingw32/bin/../lib/gcc/nios2-elf/5.3.0/../../../../../H-x86_64-mingw32/nios2-elf/lib\libc.a(lib_a-strlen.o)
 .comment       0x0000000000000023       0x24 c:/intelfpga_lite/18.1/nios2eds/bin/gnu/h-x86_64-mingw32/bin/../lib/gcc/nios2-elf/5.3.0/../../../../../H-x86_64-mingw32/nios2-elf/lib\libc.a(lib_a-__atexit.o)
 .comment       0x0000000000000023       0x24 c:/intelfpga_lite/18.1/nios2eds/bin/gnu/h-x86_64-mingw32/bin/../lib/gcc/nios2-elf/5.3.0/../../../../../H-x86_64-mingw32/nios2-elf/lib\libc.a(lib_a-__call_atexit.o)
 .comment       0x0000000000000023       0x24 C:/Users/hugom/OneDrive/Documents/Cours/Embedded_sys/fpga_intro/fpga_intro/sw/nios/application/fpga_intro_bsp/\libhal_bsp.a(alt_exit.o)

.debug
 *(.debug)

.line
 *(.line)

.debug_srcinfo
 *(.debug_srcinfo)

.debug_sfnames
 *(.debug_sfnames)

.debug_aranges  0x0000000000000000      0x5f8
 *(.debug_aranges)
 .debug_aranges
                0x0000000000000000       0x28 C:/Users/hugom/OneDrive/Documents/Cours/Embedded_sys/fpga_intro/fpga_intro/sw/nios/application/fpga_intro_bsp//obj/HAL/src/crt0.o
 .debug_aranges
                0x0000000000000028       0x20 obj/default/PWM_gen.o
 .debug_aranges
                0x0000000000000048       0x20 obj/default/hello_world.o
 .debug_aranges
                0x0000000000000068       0x20 obj/default/lab21.o
 .debug_aranges
                0x0000000000000088       0x20 C:/Users/hugom/OneDrive/Documents/Cours/Embedded_sys/fpga_intro/fpga_intro/sw/nios/application/fpga_intro_bsp/\libhal_bsp.a(alt_load.o)
 .debug_aranges
                0x00000000000000a8       0x20 C:/Users/hugom/OneDrive/Documents/Cours/Embedded_sys/fpga_intro/fpga_intro/sw/nios/application/fpga_intro_bsp/\libhal_bsp.a(alt_main.o)
 .debug_aranges
                0x00000000000000c8       0x20 C:/Users/hugom/OneDrive/Documents/Cours/Embedded_sys/fpga_intro/fpga_intro/sw/nios/application/fpga_intro_bsp/\libhal_bsp.a(alt_sys_init.o)
 .debug_aranges
                0x00000000000000e8       0x20 C:/Users/hugom/OneDrive/Documents/Cours/Embedded_sys/fpga_intro/fpga_intro/sw/nios/application/fpga_intro_bsp/\libhal_bsp.a(altera_avalon_jtag_uart_fd.o)
 .debug_aranges
                0x0000000000000108       0x20 C:/Users/hugom/OneDrive/Documents/Cours/Embedded_sys/fpga_intro/fpga_intro/sw/nios/application/fpga_intro_bsp/\libhal_bsp.a(altera_avalon_jtag_uart_init.o)
 .debug_aranges
                0x0000000000000128       0x20 C:/Users/hugom/OneDrive/Documents/Cours/Embedded_sys/fpga_intro/fpga_intro/sw/nios/application/fpga_intro_bsp/\libhal_bsp.a(altera_avalon_jtag_uart_ioctl.o)
 .debug_aranges
                0x0000000000000148       0x20 C:/Users/hugom/OneDrive/Documents/Cours/Embedded_sys/fpga_intro/fpga_intro/sw/nios/application/fpga_intro_bsp/\libhal_bsp.a(altera_avalon_jtag_uart_read.o)
 .debug_aranges
                0x0000000000000168       0x20 C:/Users/hugom/OneDrive/Documents/Cours/Embedded_sys/fpga_intro/fpga_intro/sw/nios/application/fpga_intro_bsp/\libhal_bsp.a(altera_avalon_jtag_uart_write.o)
 .debug_aranges
                0x0000000000000188       0x20 C:/Users/hugom/OneDrive/Documents/Cours/Embedded_sys/fpga_intro/fpga_intro/sw/nios/application/fpga_intro_bsp/\libhal_bsp.a(alt_alarm_start.o)
 .debug_aranges
                0x00000000000001a8       0x20 C:/Users/hugom/OneDrive/Documents/Cours/Embedded_sys/fpga_intro/fpga_intro/sw/nios/application/fpga_intro_bsp/\libhal_bsp.a(alt_close.o)
 .debug_aranges
                0x00000000000001c8       0x20 C:/Users/hugom/OneDrive/Documents/Cours/Embedded_sys/fpga_intro/fpga_intro/sw/nios/application/fpga_intro_bsp/\libhal_bsp.a(alt_dcache_flush_all.o)
 .debug_aranges
                0x00000000000001e8       0x20 C:/Users/hugom/OneDrive/Documents/Cours/Embedded_sys/fpga_intro/fpga_intro/sw/nios/application/fpga_intro_bsp/\libhal_bsp.a(alt_dev.o)
 .debug_aranges
                0x0000000000000208       0x20 C:/Users/hugom/OneDrive/Documents/Cours/Embedded_sys/fpga_intro/fpga_intro/sw/nios/application/fpga_intro_bsp/\libhal_bsp.a(alt_dev_llist_insert.o)
 .debug_aranges
                0x0000000000000228       0x20 C:/Users/hugom/OneDrive/Documents/Cours/Embedded_sys/fpga_intro/fpga_intro/sw/nios/application/fpga_intro_bsp/\libhal_bsp.a(alt_do_ctors.o)
 .debug_aranges
                0x0000000000000248       0x20 C:/Users/hugom/OneDrive/Documents/Cours/Embedded_sys/fpga_intro/fpga_intro/sw/nios/application/fpga_intro_bsp/\libhal_bsp.a(alt_do_dtors.o)
 .debug_aranges
                0x0000000000000268       0x18 C:/Users/hugom/OneDrive/Documents/Cours/Embedded_sys/fpga_intro/fpga_intro/sw/nios/application/fpga_intro_bsp/\libhal_bsp.a(alt_errno.o)
 .debug_aranges
                0x0000000000000280       0x20 C:/Users/hugom/OneDrive/Documents/Cours/Embedded_sys/fpga_intro/fpga_intro/sw/nios/application/fpga_intro_bsp/\libhal_bsp.a(alt_icache_flush_all.o)
 .debug_aranges
                0x00000000000002a0       0x20 C:/Users/hugom/OneDrive/Documents/Cours/Embedded_sys/fpga_intro/fpga_intro/sw/nios/application/fpga_intro_bsp/\libhal_bsp.a(alt_iic.o)
 .debug_aranges
                0x00000000000002c0       0x20 C:/Users/hugom/OneDrive/Documents/Cours/Embedded_sys/fpga_intro/fpga_intro/sw/nios/application/fpga_intro_bsp/\libhal_bsp.a(alt_iic_isr_register.o)
 .debug_aranges
                0x00000000000002e0       0x20 C:/Users/hugom/OneDrive/Documents/Cours/Embedded_sys/fpga_intro/fpga_intro/sw/nios/application/fpga_intro_bsp/\libhal_bsp.a(alt_io_redirect.o)
 .debug_aranges
                0x0000000000000300       0x30 C:/Users/hugom/OneDrive/Documents/Cours/Embedded_sys/fpga_intro/fpga_intro/sw/nios/application/fpga_intro_bsp/\libhal_bsp.a(alt_irq_entry.o)
 .debug_aranges
                0x0000000000000330       0x20 C:/Users/hugom/OneDrive/Documents/Cours/Embedded_sys/fpga_intro/fpga_intro/sw/nios/application/fpga_intro_bsp/\libhal_bsp.a(alt_irq_handler.o)
 .debug_aranges
                0x0000000000000350       0x18 C:/Users/hugom/OneDrive/Documents/Cours/Embedded_sys/fpga_intro/fpga_intro/sw/nios/application/fpga_intro_bsp/\libhal_bsp.a(alt_irq_vars.o)
 .debug_aranges
                0x0000000000000368       0x20 C:/Users/hugom/OneDrive/Documents/Cours/Embedded_sys/fpga_intro/fpga_intro/sw/nios/application/fpga_intro_bsp/\libhal_bsp.a(alt_open.o)
 .debug_aranges
                0x0000000000000388       0x20 C:/Users/hugom/OneDrive/Documents/Cours/Embedded_sys/fpga_intro/fpga_intro/sw/nios/application/fpga_intro_bsp/\libhal_bsp.a(alt_release_fd.o)
 .debug_aranges
                0x00000000000003a8       0x20 C:/Users/hugom/OneDrive/Documents/Cours/Embedded_sys/fpga_intro/fpga_intro/sw/nios/application/fpga_intro_bsp/\libhal_bsp.a(alt_tick.o)
 .debug_aranges
                0x00000000000003c8       0x20 C:/Users/hugom/OneDrive/Documents/Cours/Embedded_sys/fpga_intro/fpga_intro/sw/nios/application/fpga_intro_bsp/\libhal_bsp.a(altera_nios2_gen2_irq.o)
 .debug_aranges
                0x00000000000003e8       0x38 C:/Users/hugom/OneDrive/Documents/Cours/Embedded_sys/fpga_intro/fpga_intro/sw/nios/application/fpga_intro_bsp/\libhal_bsp.a(alt_exception_entry.o)
 .debug_aranges
                0x0000000000000420       0x20 C:/Users/hugom/OneDrive/Documents/Cours/Embedded_sys/fpga_intro/fpga_intro/sw/nios/application/fpga_intro_bsp/\libhal_bsp.a(alt_find_dev.o)
 .debug_aranges
                0x0000000000000440       0x20 C:/Users/hugom/OneDrive/Documents/Cours/Embedded_sys/fpga_intro/fpga_intro/sw/nios/application/fpga_intro_bsp/\libhal_bsp.a(alt_find_file.o)
 .debug_aranges
                0x0000000000000460       0x20 C:/Users/hugom/OneDrive/Documents/Cours/Embedded_sys/fpga_intro/fpga_intro/sw/nios/application/fpga_intro_bsp/\libhal_bsp.a(alt_get_fd.o)
 .debug_aranges
                0x0000000000000480       0x20 C:/Users/hugom/OneDrive/Documents/Cours/Embedded_sys/fpga_intro/fpga_intro/sw/nios/application/fpga_intro_bsp/\libhal_bsp.a(alt_icache_flush.o)
 .debug_aranges
                0x00000000000004a0       0x28 C:/Users/hugom/OneDrive/Documents/Cours/Embedded_sys/fpga_intro/fpga_intro/sw/nios/application/fpga_intro_bsp/\libhal_bsp.a(alt_instruction_exception_entry.o)
 .debug_aranges
                0x00000000000004c8       0x20 c:/intelfpga_lite/18.1/nios2eds/bin/gnu/h-x86_64-mingw32/bin/../lib/gcc/nios2-elf/5.3.0/../../../../../H-x86_64-mingw32/nios2-elf/lib\libc.a(lib_a-atexit.o)
 .debug_aranges
                0x00000000000004e8       0x20 c:/intelfpga_lite/18.1/nios2eds/bin/gnu/h-x86_64-mingw32/bin/../lib/gcc/nios2-elf/5.3.0/../../../../../H-x86_64-mingw32/nios2-elf/lib\libc.a(lib_a-exit.o)
 .debug_aranges
                0x0000000000000508       0x18 c:/intelfpga_lite/18.1/nios2eds/bin/gnu/h-x86_64-mingw32/bin/../lib/gcc/nios2-elf/5.3.0/../../../../../H-x86_64-mingw32/nios2-elf/lib\libc.a(lib_a-impure.o)
 .debug_aranges
                0x0000000000000520       0x18 c:/intelfpga_lite/18.1/nios2eds/bin/gnu/h-x86_64-mingw32/bin/../lib/gcc/nios2-elf/5.3.0/../../../../../H-x86_64-mingw32/nios2-elf/lib\libc.a(lib_a-int_errno.o)
 .debug_aranges
                0x0000000000000538       0x20 c:/intelfpga_lite/18.1/nios2eds/bin/gnu/h-x86_64-mingw32/bin/../lib/gcc/nios2-elf/5.3.0/../../../../../H-x86_64-mingw32/nios2-elf/lib\libc.a(lib_a-memcmp.o)
 .debug_aranges
                0x0000000000000558       0x20 c:/intelfpga_lite/18.1/nios2eds/bin/gnu/h-x86_64-mingw32/bin/../lib/gcc/nios2-elf/5.3.0/../../../../../H-x86_64-mingw32/nios2-elf/lib\libc.a(lib_a-memcpy.o)
 .debug_aranges
                0x0000000000000578       0x20 c:/intelfpga_lite/18.1/nios2eds/bin/gnu/h-x86_64-mingw32/bin/../lib/gcc/nios2-elf/5.3.0/../../../../../H-x86_64-mingw32/nios2-elf/lib\libc.a(lib_a-strlen.o)
 .debug_aranges
                0x0000000000000598       0x20 c:/intelfpga_lite/18.1/nios2eds/bin/gnu/h-x86_64-mingw32/bin/../lib/gcc/nios2-elf/5.3.0/../../../../../H-x86_64-mingw32/nios2-elf/lib\libc.a(lib_a-__atexit.o)
 .debug_aranges
                0x00000000000005b8       0x20 c:/intelfpga_lite/18.1/nios2eds/bin/gnu/h-x86_64-mingw32/bin/../lib/gcc/nios2-elf/5.3.0/../../../../../H-x86_64-mingw32/nios2-elf/lib\libc.a(lib_a-__call_atexit.o)
 .debug_aranges
                0x00000000000005d8       0x20 C:/Users/hugom/OneDrive/Documents/Cours/Embedded_sys/fpga_intro/fpga_intro/sw/nios/application/fpga_intro_bsp/\libhal_bsp.a(alt_exit.o)

.debug_pubnames
 *(.debug_pubnames)

.debug_info     0x0000000000000000     0x77b4
 *(.debug_info .gnu.linkonce.wi.*)
 .debug_info    0x0000000000000000       0xa2 C:/Users/hugom/OneDrive/Documents/Cours/Embedded_sys/fpga_intro/fpga_intro/sw/nios/application/fpga_intro_bsp//obj/HAL/src/crt0.o
 .debug_info    0x00000000000000a2       0xd4 obj/default/PWM_gen.o
 .debug_info    0x0000000000000176       0xe2 obj/default/hello_world.o
 .debug_info    0x0000000000000258       0xe2 obj/default/lab21.o
 .debug_info    0x000000000000033a      0x145 C:/Users/hugom/OneDrive/Documents/Cours/Embedded_sys/fpga_intro/fpga_intro/sw/nios/application/fpga_intro_bsp/\libhal_bsp.a(alt_load.o)
 .debug_info    0x000000000000047f      0x131 C:/Users/hugom/OneDrive/Documents/Cours/Embedded_sys/fpga_intro/fpga_intro/sw/nios/application/fpga_intro_bsp/\libhal_bsp.a(alt_main.o)
 .debug_info    0x00000000000005b0      0x4c3 C:/Users/hugom/OneDrive/Documents/Cours/Embedded_sys/fpga_intro/fpga_intro/sw/nios/application/fpga_intro_bsp/\libhal_bsp.a(alt_sys_init.o)
 .debug_info    0x0000000000000a73      0x52e C:/Users/hugom/OneDrive/Documents/Cours/Embedded_sys/fpga_intro/fpga_intro/sw/nios/application/fpga_intro_bsp/\libhal_bsp.a(altera_avalon_jtag_uart_fd.o)
 .debug_info    0x0000000000000fa1      0x3a0 C:/Users/hugom/OneDrive/Documents/Cours/Embedded_sys/fpga_intro/fpga_intro/sw/nios/application/fpga_intro_bsp/\libhal_bsp.a(altera_avalon_jtag_uart_init.o)
 .debug_info    0x0000000000001341      0x280 C:/Users/hugom/OneDrive/Documents/Cours/Embedded_sys/fpga_intro/fpga_intro/sw/nios/application/fpga_intro_bsp/\libhal_bsp.a(altera_avalon_jtag_uart_ioctl.o)
 .debug_info    0x00000000000015c1      0x345 C:/Users/hugom/OneDrive/Documents/Cours/Embedded_sys/fpga_intro/fpga_intro/sw/nios/application/fpga_intro_bsp/\libhal_bsp.a(altera_avalon_jtag_uart_read.o)
 .debug_info    0x0000000000001906      0x340 C:/Users/hugom/OneDrive/Documents/Cours/Embedded_sys/fpga_intro/fpga_intro/sw/nios/application/fpga_intro_bsp/\libhal_bsp.a(altera_avalon_jtag_uart_write.o)
 .debug_info    0x0000000000001c46      0x2cc C:/Users/hugom/OneDrive/Documents/Cours/Embedded_sys/fpga_intro/fpga_intro/sw/nios/application/fpga_intro_bsp/\libhal_bsp.a(alt_alarm_start.o)
 .debug_info    0x0000000000001f12      0x321 C:/Users/hugom/OneDrive/Documents/Cours/Embedded_sys/fpga_intro/fpga_intro/sw/nios/application/fpga_intro_bsp/\libhal_bsp.a(alt_close.o)
 .debug_info    0x0000000000002233       0xa5 C:/Users/hugom/OneDrive/Documents/Cours/Embedded_sys/fpga_intro/fpga_intro/sw/nios/application/fpga_intro_bsp/\libhal_bsp.a(alt_dcache_flush_all.o)
 .debug_info    0x00000000000022d8      0x49c C:/Users/hugom/OneDrive/Documents/Cours/Embedded_sys/fpga_intro/fpga_intro/sw/nios/application/fpga_intro_bsp/\libhal_bsp.a(alt_dev.o)
 .debug_info    0x0000000000002774      0x1a9 C:/Users/hugom/OneDrive/Documents/Cours/Embedded_sys/fpga_intro/fpga_intro/sw/nios/application/fpga_intro_bsp/\libhal_bsp.a(alt_dev_llist_insert.o)
 .debug_info    0x000000000000291d       0x83 C:/Users/hugom/OneDrive/Documents/Cours/Embedded_sys/fpga_intro/fpga_intro/sw/nios/application/fpga_intro_bsp/\libhal_bsp.a(alt_do_ctors.o)
 .debug_info    0x00000000000029a0       0x83 C:/Users/hugom/OneDrive/Documents/Cours/Embedded_sys/fpga_intro/fpga_intro/sw/nios/application/fpga_intro_bsp/\libhal_bsp.a(alt_do_dtors.o)
 .debug_info    0x0000000000002a23       0xa6 C:/Users/hugom/OneDrive/Documents/Cours/Embedded_sys/fpga_intro/fpga_intro/sw/nios/application/fpga_intro_bsp/\libhal_bsp.a(alt_errno.o)
 .debug_info    0x0000000000002ac9       0x92 C:/Users/hugom/OneDrive/Documents/Cours/Embedded_sys/fpga_intro/fpga_intro/sw/nios/application/fpga_intro_bsp/\libhal_bsp.a(alt_icache_flush_all.o)
 .debug_info    0x0000000000002b5b      0x350 C:/Users/hugom/OneDrive/Documents/Cours/Embedded_sys/fpga_intro/fpga_intro/sw/nios/application/fpga_intro_bsp/\libhal_bsp.a(alt_iic.o)
 .debug_info    0x0000000000002eab      0x1ef C:/Users/hugom/OneDrive/Documents/Cours/Embedded_sys/fpga_intro/fpga_intro/sw/nios/application/fpga_intro_bsp/\libhal_bsp.a(alt_iic_isr_register.o)
 .debug_info    0x000000000000309a      0x4a5 C:/Users/hugom/OneDrive/Documents/Cours/Embedded_sys/fpga_intro/fpga_intro/sw/nios/application/fpga_intro_bsp/\libhal_bsp.a(alt_io_redirect.o)
 .debug_info    0x000000000000353f       0xab C:/Users/hugom/OneDrive/Documents/Cours/Embedded_sys/fpga_intro/fpga_intro/sw/nios/application/fpga_intro_bsp/\libhal_bsp.a(alt_irq_entry.o)
 .debug_info    0x00000000000035ea      0x187 C:/Users/hugom/OneDrive/Documents/Cours/Embedded_sys/fpga_intro/fpga_intro/sw/nios/application/fpga_intro_bsp/\libhal_bsp.a(alt_irq_handler.o)
 .debug_info    0x0000000000003771       0x88 C:/Users/hugom/OneDrive/Documents/Cours/Embedded_sys/fpga_intro/fpga_intro/sw/nios/application/fpga_intro_bsp/\libhal_bsp.a(alt_irq_vars.o)
 .debug_info    0x00000000000037f9      0x3bb C:/Users/hugom/OneDrive/Documents/Cours/Embedded_sys/fpga_intro/fpga_intro/sw/nios/application/fpga_intro_bsp/\libhal_bsp.a(alt_open.o)
 .debug_info    0x0000000000003bb4      0x2b0 C:/Users/hugom/OneDrive/Documents/Cours/Embedded_sys/fpga_intro/fpga_intro/sw/nios/application/fpga_intro_bsp/\libhal_bsp.a(alt_release_fd.o)
 .debug_info    0x0000000000003e64      0x299 C:/Users/hugom/OneDrive/Documents/Cours/Embedded_sys/fpga_intro/fpga_intro/sw/nios/application/fpga_intro_bsp/\libhal_bsp.a(alt_tick.o)
 .debug_info    0x00000000000040fd       0x92 C:/Users/hugom/OneDrive/Documents/Cours/Embedded_sys/fpga_intro/fpga_intro/sw/nios/application/fpga_intro_bsp/\libhal_bsp.a(altera_nios2_gen2_irq.o)
 .debug_info    0x000000000000418f       0xb1 C:/Users/hugom/OneDrive/Documents/Cours/Embedded_sys/fpga_intro/fpga_intro/sw/nios/application/fpga_intro_bsp/\libhal_bsp.a(alt_exception_entry.o)
 .debug_info    0x0000000000004240      0x2e9 C:/Users/hugom/OneDrive/Documents/Cours/Embedded_sys/fpga_intro/fpga_intro/sw/nios/application/fpga_intro_bsp/\libhal_bsp.a(alt_find_dev.o)
 .debug_info    0x0000000000004529      0x2e6 C:/Users/hugom/OneDrive/Documents/Cours/Embedded_sys/fpga_intro/fpga_intro/sw/nios/application/fpga_intro_bsp/\libhal_bsp.a(alt_find_file.o)
 .debug_info    0x000000000000480f      0x310 C:/Users/hugom/OneDrive/Documents/Cours/Embedded_sys/fpga_intro/fpga_intro/sw/nios/application/fpga_intro_bsp/\libhal_bsp.a(alt_get_fd.o)
 .debug_info    0x0000000000004b1f       0xdc C:/Users/hugom/OneDrive/Documents/Cours/Embedded_sys/fpga_intro/fpga_intro/sw/nios/application/fpga_intro_bsp/\libhal_bsp.a(alt_icache_flush.o)
 .debug_info    0x0000000000004bfb      0x1e7 C:/Users/hugom/OneDrive/Documents/Cours/Embedded_sys/fpga_intro/fpga_intro/sw/nios/application/fpga_intro_bsp/\libhal_bsp.a(alt_instruction_exception_entry.o)
 .debug_info    0x0000000000004de2       0xfe c:/intelfpga_lite/18.1/nios2eds/bin/gnu/h-x86_64-mingw32/bin/../lib/gcc/nios2-elf/5.3.0/../../../../../H-x86_64-mingw32/nios2-elf/lib\libc.a(lib_a-atexit.o)
 .debug_info    0x0000000000004ee0      0x8e4 c:/intelfpga_lite/18.1/nios2eds/bin/gnu/h-x86_64-mingw32/bin/../lib/gcc/nios2-elf/5.3.0/../../../../../H-x86_64-mingw32/nios2-elf/lib\libc.a(lib_a-exit.o)
 .debug_info    0x00000000000057c4      0x8a1 c:/intelfpga_lite/18.1/nios2eds/bin/gnu/h-x86_64-mingw32/bin/../lib/gcc/nios2-elf/5.3.0/../../../../../H-x86_64-mingw32/nios2-elf/lib\libc.a(lib_a-impure.o)
 .debug_info    0x0000000000006065       0x8a c:/intelfpga_lite/18.1/nios2eds/bin/gnu/h-x86_64-mingw32/bin/../lib/gcc/nios2-elf/5.3.0/../../../../../H-x86_64-mingw32/nios2-elf/lib\libc.a(lib_a-int_errno.o)
 .debug_info    0x00000000000060ef      0x11a c:/intelfpga_lite/18.1/nios2eds/bin/gnu/h-x86_64-mingw32/bin/../lib/gcc/nios2-elf/5.3.0/../../../../../H-x86_64-mingw32/nios2-elf/lib\libc.a(lib_a-memcmp.o)
 .debug_info    0x0000000000006209      0x144 c:/intelfpga_lite/18.1/nios2eds/bin/gnu/h-x86_64-mingw32/bin/../lib/gcc/nios2-elf/5.3.0/../../../../../H-x86_64-mingw32/nios2-elf/lib\libc.a(lib_a-memcpy.o)
 .debug_info    0x000000000000634d       0xe2 c:/intelfpga_lite/18.1/nios2eds/bin/gnu/h-x86_64-mingw32/bin/../lib/gcc/nios2-elf/5.3.0/../../../../../H-x86_64-mingw32/nios2-elf/lib\libc.a(lib_a-strlen.o)
 .debug_info    0x000000000000642f      0x934 c:/intelfpga_lite/18.1/nios2eds/bin/gnu/h-x86_64-mingw32/bin/../lib/gcc/nios2-elf/5.3.0/../../../../../H-x86_64-mingw32/nios2-elf/lib\libc.a(lib_a-__atexit.o)
 .debug_info    0x0000000000006d63      0x965 c:/intelfpga_lite/18.1/nios2eds/bin/gnu/h-x86_64-mingw32/bin/../lib/gcc/nios2-elf/5.3.0/../../../../../H-x86_64-mingw32/nios2-elf/lib\libc.a(lib_a-__call_atexit.o)
 .debug_info    0x00000000000076c8       0xec C:/Users/hugom/OneDrive/Documents/Cours/Embedded_sys/fpga_intro/fpga_intro/sw/nios/application/fpga_intro_bsp/\libhal_bsp.a(alt_exit.o)

.debug_abbrev   0x0000000000000000     0x2a8c
 *(.debug_abbrev)
 .debug_abbrev  0x0000000000000000       0x12 C:/Users/hugom/OneDrive/Documents/Cours/Embedded_sys/fpga_intro/fpga_intro/sw/nios/application/fpga_intro_bsp//obj/HAL/src/crt0.o
 .debug_abbrev  0x0000000000000012       0x7d obj/default/PWM_gen.o
 .debug_abbrev  0x000000000000008f       0x93 obj/default/hello_world.o
 .debug_abbrev  0x0000000000000122       0x93 obj/default/lab21.o
 .debug_abbrev  0x00000000000001b5       0x9f C:/Users/hugom/OneDrive/Documents/Cours/Embedded_sys/fpga_intro/fpga_intro/sw/nios/application/fpga_intro_bsp/\libhal_bsp.a(alt_load.o)
 .debug_abbrev  0x0000000000000254       0xba C:/Users/hugom/OneDrive/Documents/Cours/Embedded_sys/fpga_intro/fpga_intro/sw/nios/application/fpga_intro_bsp/\libhal_bsp.a(alt_main.o)
 .debug_abbrev  0x000000000000030e      0x187 C:/Users/hugom/OneDrive/Documents/Cours/Embedded_sys/fpga_intro/fpga_intro/sw/nios/application/fpga_intro_bsp/\libhal_bsp.a(alt_sys_init.o)
 .debug_abbrev  0x0000000000000495      0x127 C:/Users/hugom/OneDrive/Documents/Cours/Embedded_sys/fpga_intro/fpga_intro/sw/nios/application/fpga_intro_bsp/\libhal_bsp.a(altera_avalon_jtag_uart_fd.o)
 .debug_abbrev  0x00000000000005bc      0x19e C:/Users/hugom/OneDrive/Documents/Cours/Embedded_sys/fpga_intro/fpga_intro/sw/nios/application/fpga_intro_bsp/\libhal_bsp.a(altera_avalon_jtag_uart_init.o)
 .debug_abbrev  0x000000000000075a      0x111 C:/Users/hugom/OneDrive/Documents/Cours/Embedded_sys/fpga_intro/fpga_intro/sw/nios/application/fpga_intro_bsp/\libhal_bsp.a(altera_avalon_jtag_uart_ioctl.o)
 .debug_abbrev  0x000000000000086b      0x1aa C:/Users/hugom/OneDrive/Documents/Cours/Embedded_sys/fpga_intro/fpga_intro/sw/nios/application/fpga_intro_bsp/\libhal_bsp.a(altera_avalon_jtag_uart_read.o)
 .debug_abbrev  0x0000000000000a15      0x1a8 C:/Users/hugom/OneDrive/Documents/Cours/Embedded_sys/fpga_intro/fpga_intro/sw/nios/application/fpga_intro_bsp/\libhal_bsp.a(altera_avalon_jtag_uart_write.o)
 .debug_abbrev  0x0000000000000bbd      0x162 C:/Users/hugom/OneDrive/Documents/Cours/Embedded_sys/fpga_intro/fpga_intro/sw/nios/application/fpga_intro_bsp/\libhal_bsp.a(alt_alarm_start.o)
 .debug_abbrev  0x0000000000000d1f      0x11f C:/Users/hugom/OneDrive/Documents/Cours/Embedded_sys/fpga_intro/fpga_intro/sw/nios/application/fpga_intro_bsp/\libhal_bsp.a(alt_close.o)
 .debug_abbrev  0x0000000000000e3e       0x5a C:/Users/hugom/OneDrive/Documents/Cours/Embedded_sys/fpga_intro/fpga_intro/sw/nios/application/fpga_intro_bsp/\libhal_bsp.a(alt_dcache_flush_all.o)
 .debug_abbrev  0x0000000000000e98       0xd9 C:/Users/hugom/OneDrive/Documents/Cours/Embedded_sys/fpga_intro/fpga_intro/sw/nios/application/fpga_intro_bsp/\libhal_bsp.a(alt_dev.o)
 .debug_abbrev  0x0000000000000f71      0x114 C:/Users/hugom/OneDrive/Documents/Cours/Embedded_sys/fpga_intro/fpga_intro/sw/nios/application/fpga_intro_bsp/\libhal_bsp.a(alt_dev_llist_insert.o)
 .debug_abbrev  0x0000000000001085       0x79 C:/Users/hugom/OneDrive/Documents/Cours/Embedded_sys/fpga_intro/fpga_intro/sw/nios/application/fpga_intro_bsp/\libhal_bsp.a(alt_do_ctors.o)
 .debug_abbrev  0x00000000000010fe       0x79 C:/Users/hugom/OneDrive/Documents/Cours/Embedded_sys/fpga_intro/fpga_intro/sw/nios/application/fpga_intro_bsp/\libhal_bsp.a(alt_do_dtors.o)
 .debug_abbrev  0x0000000000001177       0x5a C:/Users/hugom/OneDrive/Documents/Cours/Embedded_sys/fpga_intro/fpga_intro/sw/nios/application/fpga_intro_bsp/\libhal_bsp.a(alt_errno.o)
 .debug_abbrev  0x00000000000011d1       0x42 C:/Users/hugom/OneDrive/Documents/Cours/Embedded_sys/fpga_intro/fpga_intro/sw/nios/application/fpga_intro_bsp/\libhal_bsp.a(alt_icache_flush_all.o)
 .debug_abbrev  0x0000000000001213      0x163 C:/Users/hugom/OneDrive/Documents/Cours/Embedded_sys/fpga_intro/fpga_intro/sw/nios/application/fpga_intro_bsp/\libhal_bsp.a(alt_iic.o)
 .debug_abbrev  0x0000000000001376      0x169 C:/Users/hugom/OneDrive/Documents/Cours/Embedded_sys/fpga_intro/fpga_intro/sw/nios/application/fpga_intro_bsp/\libhal_bsp.a(alt_iic_isr_register.o)
 .debug_abbrev  0x00000000000014df      0x114 C:/Users/hugom/OneDrive/Documents/Cours/Embedded_sys/fpga_intro/fpga_intro/sw/nios/application/fpga_intro_bsp/\libhal_bsp.a(alt_io_redirect.o)
 .debug_abbrev  0x00000000000015f3       0x12 C:/Users/hugom/OneDrive/Documents/Cours/Embedded_sys/fpga_intro/fpga_intro/sw/nios/application/fpga_intro_bsp/\libhal_bsp.a(alt_irq_entry.o)
 .debug_abbrev  0x0000000000001605      0x122 C:/Users/hugom/OneDrive/Documents/Cours/Embedded_sys/fpga_intro/fpga_intro/sw/nios/application/fpga_intro_bsp/\libhal_bsp.a(alt_irq_handler.o)
 .debug_abbrev  0x0000000000001727       0x40 C:/Users/hugom/OneDrive/Documents/Cours/Embedded_sys/fpga_intro/fpga_intro/sw/nios/application/fpga_intro_bsp/\libhal_bsp.a(alt_irq_vars.o)
 .debug_abbrev  0x0000000000001767      0x148 C:/Users/hugom/OneDrive/Documents/Cours/Embedded_sys/fpga_intro/fpga_intro/sw/nios/application/fpga_intro_bsp/\libhal_bsp.a(alt_open.o)
 .debug_abbrev  0x00000000000018af       0xde C:/Users/hugom/OneDrive/Documents/Cours/Embedded_sys/fpga_intro/fpga_intro/sw/nios/application/fpga_intro_bsp/\libhal_bsp.a(alt_release_fd.o)
 .debug_abbrev  0x000000000000198d      0x15a C:/Users/hugom/OneDrive/Documents/Cours/Embedded_sys/fpga_intro/fpga_intro/sw/nios/application/fpga_intro_bsp/\libhal_bsp.a(alt_tick.o)
 .debug_abbrev  0x0000000000001ae7       0x42 C:/Users/hugom/OneDrive/Documents/Cours/Embedded_sys/fpga_intro/fpga_intro/sw/nios/application/fpga_intro_bsp/\libhal_bsp.a(altera_nios2_gen2_irq.o)
 .debug_abbrev  0x0000000000001b29       0x12 C:/Users/hugom/OneDrive/Documents/Cours/Embedded_sys/fpga_intro/fpga_intro/sw/nios/application/fpga_intro_bsp/\libhal_bsp.a(alt_exception_entry.o)
 .debug_abbrev  0x0000000000001b3b       0xf0 C:/Users/hugom/OneDrive/Documents/Cours/Embedded_sys/fpga_intro/fpga_intro/sw/nios/application/fpga_intro_bsp/\libhal_bsp.a(alt_find_dev.o)
 .debug_abbrev  0x0000000000001c2b       0xf0 C:/Users/hugom/OneDrive/Documents/Cours/Embedded_sys/fpga_intro/fpga_intro/sw/nios/application/fpga_intro_bsp/\libhal_bsp.a(alt_find_file.o)
 .debug_abbrev  0x0000000000001d1b      0x10d C:/Users/hugom/OneDrive/Documents/Cours/Embedded_sys/fpga_intro/fpga_intro/sw/nios/application/fpga_intro_bsp/\libhal_bsp.a(alt_get_fd.o)
 .debug_abbrev  0x0000000000001e28       0x8c C:/Users/hugom/OneDrive/Documents/Cours/Embedded_sys/fpga_intro/fpga_intro/sw/nios/application/fpga_intro_bsp/\libhal_bsp.a(alt_icache_flush.o)
 .debug_abbrev  0x0000000000001eb4       0xdc C:/Users/hugom/OneDrive/Documents/Cours/Embedded_sys/fpga_intro/fpga_intro/sw/nios/application/fpga_intro_bsp/\libhal_bsp.a(alt_instruction_exception_entry.o)
 .debug_abbrev  0x0000000000001f90       0xaa c:/intelfpga_lite/18.1/nios2eds/bin/gnu/h-x86_64-mingw32/bin/../lib/gcc/nios2-elf/5.3.0/../../../../../H-x86_64-mingw32/nios2-elf/lib\libc.a(lib_a-atexit.o)
 .debug_abbrev  0x000000000000203a      0x1e5 c:/intelfpga_lite/18.1/nios2eds/bin/gnu/h-x86_64-mingw32/bin/../lib/gcc/nios2-elf/5.3.0/../../../../../H-x86_64-mingw32/nios2-elf/lib\libc.a(lib_a-exit.o)
 .debug_abbrev  0x000000000000221f      0x18f c:/intelfpga_lite/18.1/nios2eds/bin/gnu/h-x86_64-mingw32/bin/../lib/gcc/nios2-elf/5.3.0/../../../../../H-x86_64-mingw32/nios2-elf/lib\libc.a(lib_a-impure.o)
 .debug_abbrev  0x00000000000023ae       0x37 c:/intelfpga_lite/18.1/nios2eds/bin/gnu/h-x86_64-mingw32/bin/../lib/gcc/nios2-elf/5.3.0/../../../../../H-x86_64-mingw32/nios2-elf/lib\libc.a(lib_a-int_errno.o)
 .debug_abbrev  0x00000000000023e5       0x7f c:/intelfpga_lite/18.1/nios2eds/bin/gnu/h-x86_64-mingw32/bin/../lib/gcc/nios2-elf/5.3.0/../../../../../H-x86_64-mingw32/nios2-elf/lib\libc.a(lib_a-memcmp.o)
 .debug_abbrev  0x0000000000002464       0xa3 c:/intelfpga_lite/18.1/nios2eds/bin/gnu/h-x86_64-mingw32/bin/../lib/gcc/nios2-elf/5.3.0/../../../../../H-x86_64-mingw32/nios2-elf/lib\libc.a(lib_a-memcpy.o)
 .debug_abbrev  0x0000000000002507       0x90 c:/intelfpga_lite/18.1/nios2eds/bin/gnu/h-x86_64-mingw32/bin/../lib/gcc/nios2-elf/5.3.0/../../../../../H-x86_64-mingw32/nios2-elf/lib\libc.a(lib_a-strlen.o)
 .debug_abbrev  0x0000000000002597      0x21e c:/intelfpga_lite/18.1/nios2eds/bin/gnu/h-x86_64-mingw32/bin/../lib/gcc/nios2-elf/5.3.0/../../../../../H-x86_64-mingw32/nios2-elf/lib\libc.a(lib_a-__atexit.o)
 .debug_abbrev  0x00000000000027b5      0x22e c:/intelfpga_lite/18.1/nios2eds/bin/gnu/h-x86_64-mingw32/bin/../lib/gcc/nios2-elf/5.3.0/../../../../../H-x86_64-mingw32/nios2-elf/lib\libc.a(lib_a-__call_atexit.o)
 .debug_abbrev  0x00000000000029e3       0xa9 C:/Users/hugom/OneDrive/Documents/Cours/Embedded_sys/fpga_intro/fpga_intro/sw/nios/application/fpga_intro_bsp/\libhal_bsp.a(alt_exit.o)

.debug_line     0x0000000000000000     0x2b9d
 *(.debug_line)
 .debug_line    0x0000000000000000       0x72 C:/Users/hugom/OneDrive/Documents/Cours/Embedded_sys/fpga_intro/fpga_intro/sw/nios/application/fpga_intro_bsp//obj/HAL/src/crt0.o
 .debug_line    0x0000000000000072       0xdc obj/default/PWM_gen.o
 .debug_line    0x000000000000014e       0xdd obj/default/hello_world.o
 .debug_line    0x000000000000022b       0xd7 obj/default/lab21.o
 .debug_line    0x0000000000000302       0x8e C:/Users/hugom/OneDrive/Documents/Cours/Embedded_sys/fpga_intro/fpga_intro/sw/nios/application/fpga_intro_bsp/\libhal_bsp.a(alt_load.o)
 .debug_line    0x0000000000000390       0xa4 C:/Users/hugom/OneDrive/Documents/Cours/Embedded_sys/fpga_intro/fpga_intro/sw/nios/application/fpga_intro_bsp/\libhal_bsp.a(alt_main.o)
 .debug_line    0x0000000000000434      0x136 C:/Users/hugom/OneDrive/Documents/Cours/Embedded_sys/fpga_intro/fpga_intro/sw/nios/application/fpga_intro_bsp/\libhal_bsp.a(alt_sys_init.o)
 .debug_line    0x000000000000056a      0x12f C:/Users/hugom/OneDrive/Documents/Cours/Embedded_sys/fpga_intro/fpga_intro/sw/nios/application/fpga_intro_bsp/\libhal_bsp.a(altera_avalon_jtag_uart_fd.o)
 .debug_line    0x0000000000000699      0x18b C:/Users/hugom/OneDrive/Documents/Cours/Embedded_sys/fpga_intro/fpga_intro/sw/nios/application/fpga_intro_bsp/\libhal_bsp.a(altera_avalon_jtag_uart_init.o)
 .debug_line    0x0000000000000824      0x131 C:/Users/hugom/OneDrive/Documents/Cours/Embedded_sys/fpga_intro/fpga_intro/sw/nios/application/fpga_intro_bsp/\libhal_bsp.a(altera_avalon_jtag_uart_ioctl.o)
 .debug_line    0x0000000000000955      0x171 C:/Users/hugom/OneDrive/Documents/Cours/Embedded_sys/fpga_intro/fpga_intro/sw/nios/application/fpga_intro_bsp/\libhal_bsp.a(altera_avalon_jtag_uart_read.o)
 .debug_line    0x0000000000000ac6      0x170 C:/Users/hugom/OneDrive/Documents/Cours/Embedded_sys/fpga_intro/fpga_intro/sw/nios/application/fpga_intro_bsp/\libhal_bsp.a(altera_avalon_jtag_uart_write.o)
 .debug_line    0x0000000000000c36       0xf9 C:/Users/hugom/OneDrive/Documents/Cours/Embedded_sys/fpga_intro/fpga_intro/sw/nios/application/fpga_intro_bsp/\libhal_bsp.a(alt_alarm_start.o)
 .debug_line    0x0000000000000d2f      0x165 C:/Users/hugom/OneDrive/Documents/Cours/Embedded_sys/fpga_intro/fpga_intro/sw/nios/application/fpga_intro_bsp/\libhal_bsp.a(alt_close.o)
 .debug_line    0x0000000000000e94       0x61 C:/Users/hugom/OneDrive/Documents/Cours/Embedded_sys/fpga_intro/fpga_intro/sw/nios/application/fpga_intro_bsp/\libhal_bsp.a(alt_dcache_flush_all.o)
 .debug_line    0x0000000000000ef5       0xf8 C:/Users/hugom/OneDrive/Documents/Cours/Embedded_sys/fpga_intro/fpga_intro/sw/nios/application/fpga_intro_bsp/\libhal_bsp.a(alt_dev.o)
 .debug_line    0x0000000000000fed       0xcf C:/Users/hugom/OneDrive/Documents/Cours/Embedded_sys/fpga_intro/fpga_intro/sw/nios/application/fpga_intro_bsp/\libhal_bsp.a(alt_dev_llist_insert.o)
 .debug_line    0x00000000000010bc       0x59 C:/Users/hugom/OneDrive/Documents/Cours/Embedded_sys/fpga_intro/fpga_intro/sw/nios/application/fpga_intro_bsp/\libhal_bsp.a(alt_do_ctors.o)
 .debug_line    0x0000000000001115       0x59 C:/Users/hugom/OneDrive/Documents/Cours/Embedded_sys/fpga_intro/fpga_intro/sw/nios/application/fpga_intro_bsp/\libhal_bsp.a(alt_do_dtors.o)
 .debug_line    0x000000000000116e       0x51 C:/Users/hugom/OneDrive/Documents/Cours/Embedded_sys/fpga_intro/fpga_intro/sw/nios/application/fpga_intro_bsp/\libhal_bsp.a(alt_errno.o)
 .debug_line    0x00000000000011bf       0x50 C:/Users/hugom/OneDrive/Documents/Cours/Embedded_sys/fpga_intro/fpga_intro/sw/nios/application/fpga_intro_bsp/\libhal_bsp.a(alt_icache_flush_all.o)
 .debug_line    0x000000000000120f       0xeb C:/Users/hugom/OneDrive/Documents/Cours/Embedded_sys/fpga_intro/fpga_intro/sw/nios/application/fpga_intro_bsp/\libhal_bsp.a(alt_iic.o)
 .debug_line    0x00000000000012fa       0xdb C:/Users/hugom/OneDrive/Documents/Cours/Embedded_sys/fpga_intro/fpga_intro/sw/nios/application/fpga_intro_bsp/\libhal_bsp.a(alt_iic_isr_register.o)
 .debug_line    0x00000000000013d5      0x133 C:/Users/hugom/OneDrive/Documents/Cours/Embedded_sys/fpga_intro/fpga_intro/sw/nios/application/fpga_intro_bsp/\libhal_bsp.a(alt_io_redirect.o)
 .debug_line    0x0000000000001508       0x6b C:/Users/hugom/OneDrive/Documents/Cours/Embedded_sys/fpga_intro/fpga_intro/sw/nios/application/fpga_intro_bsp/\libhal_bsp.a(alt_irq_entry.o)
 .debug_line    0x0000000000001573       0xaa C:/Users/hugom/OneDrive/Documents/Cours/Embedded_sys/fpga_intro/fpga_intro/sw/nios/application/fpga_intro_bsp/\libhal_bsp.a(alt_irq_handler.o)
 .debug_line    0x000000000000161d       0x50 C:/Users/hugom/OneDrive/Documents/Cours/Embedded_sys/fpga_intro/fpga_intro/sw/nios/application/fpga_intro_bsp/\libhal_bsp.a(alt_irq_vars.o)
 .debug_line    0x000000000000166d      0x128 C:/Users/hugom/OneDrive/Documents/Cours/Embedded_sys/fpga_intro/fpga_intro/sw/nios/application/fpga_intro_bsp/\libhal_bsp.a(alt_open.o)
 .debug_line    0x0000000000001795       0xae C:/Users/hugom/OneDrive/Documents/Cours/Embedded_sys/fpga_intro/fpga_intro/sw/nios/application/fpga_intro_bsp/\libhal_bsp.a(alt_release_fd.o)
 .debug_line    0x0000000000001843       0xff C:/Users/hugom/OneDrive/Documents/Cours/Embedded_sys/fpga_intro/fpga_intro/sw/nios/application/fpga_intro_bsp/\libhal_bsp.a(alt_tick.o)
 .debug_line    0x0000000000001942       0x51 C:/Users/hugom/OneDrive/Documents/Cours/Embedded_sys/fpga_intro/fpga_intro/sw/nios/application/fpga_intro_bsp/\libhal_bsp.a(altera_nios2_gen2_irq.o)
 .debug_line    0x0000000000001993       0xb3 C:/Users/hugom/OneDrive/Documents/Cours/Embedded_sys/fpga_intro/fpga_intro/sw/nios/application/fpga_intro_bsp/\libhal_bsp.a(alt_exception_entry.o)
 .debug_line    0x0000000000001a46       0xb5 C:/Users/hugom/OneDrive/Documents/Cours/Embedded_sys/fpga_intro/fpga_intro/sw/nios/application/fpga_intro_bsp/\libhal_bsp.a(alt_find_dev.o)
 .debug_line    0x0000000000001afb       0xd1 C:/Users/hugom/OneDrive/Documents/Cours/Embedded_sys/fpga_intro/fpga_intro/sw/nios/application/fpga_intro_bsp/\libhal_bsp.a(alt_find_file.o)
 .debug_line    0x0000000000001bcc       0xd4 C:/Users/hugom/OneDrive/Documents/Cours/Embedded_sys/fpga_intro/fpga_intro/sw/nios/application/fpga_intro_bsp/\libhal_bsp.a(alt_get_fd.o)
 .debug_line    0x0000000000001ca0       0x81 C:/Users/hugom/OneDrive/Documents/Cours/Embedded_sys/fpga_intro/fpga_intro/sw/nios/application/fpga_intro_bsp/\libhal_bsp.a(alt_icache_flush.o)
 .debug_line    0x0000000000001d21       0xba C:/Users/hugom/OneDrive/Documents/Cours/Embedded_sys/fpga_intro/fpga_intro/sw/nios/application/fpga_intro_bsp/\libhal_bsp.a(alt_instruction_exception_entry.o)
 .debug_line    0x0000000000001ddb       0xe4 c:/intelfpga_lite/18.1/nios2eds/bin/gnu/h-x86_64-mingw32/bin/../lib/gcc/nios2-elf/5.3.0/../../../../../H-x86_64-mingw32/nios2-elf/lib\libc.a(lib_a-atexit.o)
 .debug_line    0x0000000000001ebf      0x1f9 c:/intelfpga_lite/18.1/nios2eds/bin/gnu/h-x86_64-mingw32/bin/../lib/gcc/nios2-elf/5.3.0/../../../../../H-x86_64-mingw32/nios2-elf/lib\libc.a(lib_a-exit.o)
 .debug_line    0x00000000000020b8      0x15d c:/intelfpga_lite/18.1/nios2eds/bin/gnu/h-x86_64-mingw32/bin/../lib/gcc/nios2-elf/5.3.0/../../../../../H-x86_64-mingw32/nios2-elf/lib\libc.a(lib_a-impure.o)
 .debug_line    0x0000000000002215       0x5c c:/intelfpga_lite/18.1/nios2eds/bin/gnu/h-x86_64-mingw32/bin/../lib/gcc/nios2-elf/5.3.0/../../../../../H-x86_64-mingw32/nios2-elf/lib\libc.a(lib_a-int_errno.o)
 .debug_line    0x0000000000002271      0x173 c:/intelfpga_lite/18.1/nios2eds/bin/gnu/h-x86_64-mingw32/bin/../lib/gcc/nios2-elf/5.3.0/../../../../../H-x86_64-mingw32/nios2-elf/lib\libc.a(lib_a-memcmp.o)
 .debug_line    0x00000000000023e4      0x189 c:/intelfpga_lite/18.1/nios2eds/bin/gnu/h-x86_64-mingw32/bin/../lib/gcc/nios2-elf/5.3.0/../../../../../H-x86_64-mingw32/nios2-elf/lib\libc.a(lib_a-memcpy.o)
 .debug_line    0x000000000000256d      0x16c c:/intelfpga_lite/18.1/nios2eds/bin/gnu/h-x86_64-mingw32/bin/../lib/gcc/nios2-elf/5.3.0/../../../../../H-x86_64-mingw32/nios2-elf/lib\libc.a(lib_a-strlen.o)
 .debug_line    0x00000000000026d9      0x21c c:/intelfpga_lite/18.1/nios2eds/bin/gnu/h-x86_64-mingw32/bin/../lib/gcc/nios2-elf/5.3.0/../../../../../H-x86_64-mingw32/nios2-elf/lib\libc.a(lib_a-__atexit.o)
 .debug_line    0x00000000000028f5      0x237 c:/intelfpga_lite/18.1/nios2eds/bin/gnu/h-x86_64-mingw32/bin/../lib/gcc/nios2-elf/5.3.0/../../../../../H-x86_64-mingw32/nios2-elf/lib\libc.a(lib_a-__call_atexit.o)
 .debug_line    0x0000000000002b2c       0x71 C:/Users/hugom/OneDrive/Documents/Cours/Embedded_sys/fpga_intro/fpga_intro/sw/nios/application/fpga_intro_bsp/\libhal_bsp.a(alt_exit.o)

.debug_frame    0x0000000000000000      0xb4c
 *(.debug_frame)
 .debug_frame   0x0000000000000000       0x48 obj/default/PWM_gen.o
 .debug_frame   0x0000000000000048       0x48 obj/default/hello_world.o
 .debug_frame   0x0000000000000090       0x48 obj/default/lab21.o
 .debug_frame   0x00000000000000d8       0x5c C:/Users/hugom/OneDrive/Documents/Cours/Embedded_sys/fpga_intro/fpga_intro/sw/nios/application/fpga_intro_bsp/\libhal_bsp.a(alt_load.o)
 .debug_frame   0x0000000000000134       0x2c C:/Users/hugom/OneDrive/Documents/Cours/Embedded_sys/fpga_intro/fpga_intro/sw/nios/application/fpga_intro_bsp/\libhal_bsp.a(alt_main.o)
 .debug_frame   0x0000000000000160       0x88 C:/Users/hugom/OneDrive/Documents/Cours/Embedded_sys/fpga_intro/fpga_intro/sw/nios/application/fpga_intro_bsp/\libhal_bsp.a(alt_sys_init.o)
 .debug_frame   0x00000000000001e8       0xb0 C:/Users/hugom/OneDrive/Documents/Cours/Embedded_sys/fpga_intro/fpga_intro/sw/nios/application/fpga_intro_bsp/\libhal_bsp.a(altera_avalon_jtag_uart_fd.o)
 .debug_frame   0x0000000000000298       0xa4 C:/Users/hugom/OneDrive/Documents/Cours/Embedded_sys/fpga_intro/fpga_intro/sw/nios/application/fpga_intro_bsp/\libhal_bsp.a(altera_avalon_jtag_uart_init.o)
 .debug_frame   0x000000000000033c       0x34 C:/Users/hugom/OneDrive/Documents/Cours/Embedded_sys/fpga_intro/fpga_intro/sw/nios/application/fpga_intro_bsp/\libhal_bsp.a(altera_avalon_jtag_uart_ioctl.o)
 .debug_frame   0x0000000000000370       0x38 C:/Users/hugom/OneDrive/Documents/Cours/Embedded_sys/fpga_intro/fpga_intro/sw/nios/application/fpga_intro_bsp/\libhal_bsp.a(altera_avalon_jtag_uart_read.o)
 .debug_frame   0x00000000000003a8       0x38 C:/Users/hugom/OneDrive/Documents/Cours/Embedded_sys/fpga_intro/fpga_intro/sw/nios/application/fpga_intro_bsp/\libhal_bsp.a(altera_avalon_jtag_uart_write.o)
 .debug_frame   0x00000000000003e0       0x34 C:/Users/hugom/OneDrive/Documents/Cours/Embedded_sys/fpga_intro/fpga_intro/sw/nios/application/fpga_intro_bsp/\libhal_bsp.a(alt_alarm_start.o)
 .debug_frame   0x0000000000000414       0x60 C:/Users/hugom/OneDrive/Documents/Cours/Embedded_sys/fpga_intro/fpga_intro/sw/nios/application/fpga_intro_bsp/\libhal_bsp.a(alt_close.o)
 .debug_frame   0x0000000000000474       0x34 C:/Users/hugom/OneDrive/Documents/Cours/Embedded_sys/fpga_intro/fpga_intro/sw/nios/application/fpga_intro_bsp/\libhal_bsp.a(alt_dcache_flush_all.o)
 .debug_frame   0x00000000000004a8       0x34 C:/Users/hugom/OneDrive/Documents/Cours/Embedded_sys/fpga_intro/fpga_intro/sw/nios/application/fpga_intro_bsp/\libhal_bsp.a(alt_dev.o)
 .debug_frame   0x00000000000004dc       0x60 C:/Users/hugom/OneDrive/Documents/Cours/Embedded_sys/fpga_intro/fpga_intro/sw/nios/application/fpga_intro_bsp/\libhal_bsp.a(alt_dev_llist_insert.o)
 .debug_frame   0x000000000000053c       0x38 C:/Users/hugom/OneDrive/Documents/Cours/Embedded_sys/fpga_intro/fpga_intro/sw/nios/application/fpga_intro_bsp/\libhal_bsp.a(alt_do_ctors.o)